Archive member included because of file (symbol)

D:\JenkinsWS\workspace\ReleaseWin32FullBinaries\sdk\s3e\edk\lib\android\mips\libedk.a(IwDebug.o)
                              debug\s3eAndroidGooglePlayBilling_platform.os (IwDebugTraceSetTraceChannel)
D:\JenkinsWS\workspace\ReleaseWin32FullBinaries\sdk\s3e\edk\lib\android\mips\libedk.a(edk_helpers.o)
                              debug\s3eAndroidGooglePlayBilling_platform.os (s3eEdkThreadRunOnOS)
C:\Marmalade\archives\android-ndk-r9d-windows-x86-zip\sources\cxx-stl\gnu-libstdc++\4.4.3\libs\mips\libgnustl_static.a(del_op.o)
                              debug\s3eAndroidGooglePlayBilling_platform.os (operator delete(void*))
C:\Marmalade\archives\android-ndk-r9d-windows-x86-zip\sources\cxx-stl\gnu-libstdc++\4.4.3\libs\mips\libgnustl_static.a(del_opv.o)
                              debug\s3eAndroidGooglePlayBilling_platform.os (operator delete[](void*))
C:\Marmalade\archives\android-ndk-r9d-windows-x86-zip\sources\cxx-stl\gnu-libstdc++\4.4.3\libs\mips\libgnustl_static.a(new_op.o)
                              debug\s3eAndroidGooglePlayBilling_platform.os (operator new(unsigned int))
C:\Marmalade\archives\android-ndk-r9d-windows-x86-zip\sources\cxx-stl\gnu-libstdc++\4.4.3\libs\mips\libgnustl_static.a(new_opv.o)
                              debug\s3eAndroidGooglePlayBilling_platform.os (operator new[](unsigned int))
C:\Marmalade\archives\android-ndk-r9d-windows-x86-zip\sources\cxx-stl\gnu-libstdc++\4.4.3\libs\mips\libgnustl_static.a(eh_alloc.o)
                              C:\Marmalade\archives\android-ndk-r9d-windows-x86-zip\sources\cxx-stl\gnu-libstdc++\4.4.3\libs\mips\libgnustl_static.a(new_op.o) (__cxa_allocate_exception)
C:\Marmalade\archives\android-ndk-r9d-windows-x86-zip\sources\cxx-stl\gnu-libstdc++\4.4.3\libs\mips\libgnustl_static.a(eh_exception.o)
                              C:\Marmalade\archives\android-ndk-r9d-windows-x86-zip\sources\cxx-stl\gnu-libstdc++\4.4.3\libs\mips\libgnustl_static.a(eh_alloc.o) (std::exception::~exception())
C:\Marmalade\archives\android-ndk-r9d-windows-x86-zip\sources\cxx-stl\gnu-libstdc++\4.4.3\libs\mips\libgnustl_static.a(eh_globals.o)
                              C:\Marmalade\archives\android-ndk-r9d-windows-x86-zip\sources\cxx-stl\gnu-libstdc++\4.4.3\libs\mips\libgnustl_static.a(eh_alloc.o) (__cxa_get_globals)
C:\Marmalade\archives\android-ndk-r9d-windows-x86-zip\sources\cxx-stl\gnu-libstdc++\4.4.3\libs\mips\libgnustl_static.a(eh_personality.o)
                              C:\Marmalade\archives\android-ndk-r9d-windows-x86-zip\sources\cxx-stl\gnu-libstdc++\4.4.3\libs\mips\libgnustl_static.a(new_op.o) (__cxa_call_unexpected)
C:\Marmalade\archives\android-ndk-r9d-windows-x86-zip\sources\cxx-stl\gnu-libstdc++\4.4.3\libs\mips\libgnustl_static.a(eh_terminate.o)
                              C:\Marmalade\archives\android-ndk-r9d-windows-x86-zip\sources\cxx-stl\gnu-libstdc++\4.4.3\libs\mips\libgnustl_static.a(eh_personality.o) (__cxxabiv1::__terminate(void (*)()))
C:\Marmalade\archives\android-ndk-r9d-windows-x86-zip\sources\cxx-stl\gnu-libstdc++\4.4.3\libs\mips\libgnustl_static.a(eh_throw.o)
                              C:\Marmalade\archives\android-ndk-r9d-windows-x86-zip\sources\cxx-stl\gnu-libstdc++\4.4.3\libs\mips\libgnustl_static.a(eh_personality.o) (__cxa_rethrow)
C:\Marmalade\archives\android-ndk-r9d-windows-x86-zip\sources\cxx-stl\gnu-libstdc++\4.4.3\libs\mips\libgnustl_static.a(eh_unex_handler.o)
                              C:\Marmalade\archives\android-ndk-r9d-windows-x86-zip\sources\cxx-stl\gnu-libstdc++\4.4.3\libs\mips\libgnustl_static.a(eh_terminate.o) (__cxxabiv1::__unexpected_handler)
C:\Marmalade\archives\android-ndk-r9d-windows-x86-zip\sources\cxx-stl\gnu-libstdc++\4.4.3\libs\mips\libgnustl_static.a(new_handler.o)
                              C:\Marmalade\archives\android-ndk-r9d-windows-x86-zip\sources\cxx-stl\gnu-libstdc++\4.4.3\libs\mips\libgnustl_static.a(new_op.o) (__new_handler)
C:\Marmalade\archives\android-ndk-r9d-windows-x86-zip\sources\cxx-stl\gnu-libstdc++\4.4.3\libs\mips\libgnustl_static.a(pure.o)
                              C:\Marmalade\archives\android-ndk-r9d-windows-x86-zip\sources\cxx-stl\gnu-libstdc++\4.4.3\libs\mips\libgnustl_static.a(eh_exception.o) (__cxa_pure_virtual)
C:\Marmalade\archives\android-ndk-r9d-windows-x86-zip\sources\cxx-stl\gnu-libstdc++\4.4.3\libs\mips\libgnustl_static.a(si_class_type_info.o)
                              C:\Marmalade\archives\android-ndk-r9d-windows-x86-zip\sources\cxx-stl\gnu-libstdc++\4.4.3\libs\mips\libgnustl_static.a(eh_alloc.o) (vtable for __cxxabiv1::__si_class_type_info)
C:\Marmalade\archives\android-ndk-r9d-windows-x86-zip\sources\cxx-stl\gnu-libstdc++\4.4.3\libs\mips\libgnustl_static.a(tinfo.o)
                              C:\Marmalade\archives\android-ndk-r9d-windows-x86-zip\sources\cxx-stl\gnu-libstdc++\4.4.3\libs\mips\libgnustl_static.a(si_class_type_info.o) (std::type_info::__is_pointer_p() const)
[...]
Memory Configuration

Name             Origin             Length             Attributes
*default*        0x0000000000000000 0xffffffffffffffff

Linker script and memory map

LOAD c:/Marmalade/archives/android-ndk-r9d-windows-x86-zip/platforms/android-9/arch-mips/usr/lib/crtbegin_so.o
LOAD debug\s3eAndroidGooglePlayBilling_platform.os
LOAD debug\s3eAndroidGooglePlayBilling.os
LOAD debug\s3eAndroidGooglePlayBilling_register.os
LOAD D:\JenkinsWS\workspace\ReleaseWin32FullBinaries\sdk\s3e\edk\lib\android\mips\libedk.a
LOAD D:\JenkinsWS\workspace\ReleaseWin32FullBinaries\sdk\s3e\edk\lib\android\mips/libplaceholderplaceholderplaceholderplaceholderplaceholder.so
LOAD C:\Marmalade\archives\android-ndk-r9d-windows-x86-zip\platforms\android-9\arch-mips\usr\lib/liblog.so
LOAD C:\Marmalade\archives\android-ndk-r9d-windows-x86-zip\sources\cxx-stl\gnu-libstdc++\4.4.3\libs\mips\libgnustl_static.a
LOAD c:/Marmalade/archives/android-ndk-r9d-windows-x86-zip/toolchains/mipsel-linux-android-4.4.3/prebuilt/windows/bin/../lib/gcc/mipsel-linux-android/4.4.3\libgcc.a
LOAD C:\Marmalade\archives\android-ndk-r9d-windows-x86-zip\platforms\android-9\arch-mips\usr\lib/libstdc++.so
LOAD C:\Marmalade\archives\android-ndk-r9d-windows-x86-zip\platforms\android-9\arch-mips\usr\lib/libm.so
LOAD C:\Marmalade\archives\android-ndk-r9d-windows-x86-zip\platforms\android-9\arch-mips\usr\lib/libc.so
LOAD c:/Marmalade/archives/android-ndk-r9d-windows-x86-zip/toolchains/mipsel-linux-android-4.4.3/prebuilt/windows/bin/../lib/gcc/mipsel-linux-android/4.4.3\libgcc.a
LOAD C:\Marmalade\archives\android-ndk-r9d-windows-x86-zip\platforms\android-9\arch-mips\usr\lib/libc.so
LOAD C:\Marmalade\archives\android-ndk-r9d-windows-x86-zip\platforms\android-9\arch-mips\usr\lib/libdl.so
LOAD c:/Marmalade/archives/android-ndk-r9d-windows-x86-zip/toolchains/mipsel-linux-android-4.4.3/prebuilt/windows/bin/../lib/gcc/mipsel-linux-android/4.4.3\libgcc.a
LOAD c:/Marmalade/archives/android-ndk-r9d-windows-x86-zip/platforms/android-9/arch-mips/usr/lib/crtend_so.o
                0x0000000000000134                . = (0x0 + SIZEOF_HEADERS)

.reginfo        0x0000000000000134       0x18
 *(.reginfo)
 .reginfo       0x0000000000000134       0x18 c:/Marmalade/archives/android-ndk-r9d-windows-x86-zip/platforms/android-9/arch-mips/usr/lib/crtbegin_so.o

.note.gnu.build-id
 *(.note.gnu.build-id)

.hash           0x000000000000014c      0x4e0
 *(.hash)
 .hash          0x000000000000014c      0x4e0 c:/Marmalade/archives/android-ndk-r9d-windows-x86-zip/platforms/android-9/arch-mips/usr/lib/crtbegin_so.o

.gnu.hash
 *(.gnu.hash)

.dynsym         0x000000000000062c      0xb30
 *(.dynsym)
 .dynsym        0x000000000000062c      0xb30 c:/Marmalade/archives/android-ndk-r9d-windows-x86-zip/platforms/android-9/arch-mips/usr/lib/crtbegin_so.o

.dynstr         0x000000000000115c     0x10d4
 *(.dynstr)
 .dynstr        0x000000000000115c     0x10d4 c:/Marmalade/archives/android-ndk-r9d-windows-x86-zip/platforms/android-9/arch-mips/usr/lib/crtbegin_so.o

.gnu.version    0x0000000000002230        0x0
 *(.gnu.version)
 .gnu.version   0x0000000000000000        0x0 c:/Marmalade/archives/android-ndk-r9d-windows-x86-zip/platforms/android-9/arch-mips/usr/lib/crtbegin_so.o

.gnu.version_d  0x0000000000002230        0x0
 *(.gnu.version_d)
 .gnu.version_d
                0x0000000000000000        0x0 c:/Marmalade/archives/android-ndk-r9d-windows-x86-zip/platforms/android-9/arch-mips/usr/lib/crtbegin_so.o

.gnu.version_r  0x0000000000002230        0x0
 *(.gnu.version_r)
 .gnu.version_r
                0x0000000000000000        0x0 c:/Marmalade/archives/android-ndk-r9d-windows-x86-zip/platforms/android-9/arch-mips/usr/lib/crtbegin_so.o

.rel.dyn        0x0000000000002230      0xd20
 *(.rel.init)
 *(.rel.text .rel.text.* .rel.gnu.linkonce.t.*)
 *(.rel.fini)
 *(.rel.rodata .rel.rodata.* .rel.gnu.linkonce.r.*)
 *(.rel.data.rel.ro* .rel.gnu.linkonce.d.rel.ro.*)
 *(.rel.data .rel.data.* .rel.gnu.linkonce.d.*)
 *(.rel.tdata .rel.tdata.* .rel.gnu.linkonce.td.*)
 *(.rel.tbss .rel.tbss.* .rel.gnu.linkonce.tb.*)
 *(.rel.ctors)
 *(.rel.dtors)
 *(.rel.got)
 *(.rel.dyn)
 .rel.dyn       0x0000000000002230      0xd20 c:/Marmalade/archives/android-ndk-r9d-windows-x86-zip/platforms/android-9/arch-mips/usr/lib/crtbegin_so.o
 *(.rel.sdata .rel.sdata.* .rel.gnu.linkonce.s.*)
 *(.rel.sbss .rel.sbss.* .rel.gnu.linkonce.sb.*)
 *(.rel.sdata2 .rel.sdata2.* .rel.gnu.linkonce.s2.*)
 *(.rel.sbss2 .rel.sbss2.* .rel.gnu.linkonce.sb2.*)
 *(.rel.bss .rel.bss.* .rel.gnu.linkonce.b.*)
 *(.rel.iplt)

.rela.dyn
 *(.rela.init)
 *(.rela.text .rela.text.* .rela.gnu.linkonce.t.*)
 *(.rela.fini)
 *(.rela.rodata .rela.rodata.* .rela.gnu.linkonce.r.*)
 *(.rela.data .rela.data.* .rela.gnu.linkonce.d.*)
 *(.rela.tdata .rela.tdata.* .rela.gnu.linkonce.td.*)
 *(.rela.tbss .rela.tbss.* .rela.gnu.linkonce.tb.*)
 *(.rela.ctors)
 *(.rela.dtors)
 *(.rela.got)
 *(.rela.sdata .rela.sdata.* .rela.gnu.linkonce.s.*)
 *(.rela.sbss .rela.sbss.* .rela.gnu.linkonce.sb.*)
 *(.rela.sdata2 .rela.sdata2.* .rela.gnu.linkonce.s2.*)
 *(.rela.sbss2 .rela.sbss2.* .rela.gnu.linkonce.sb2.*)
 *(.rela.bss .rela.bss.* .rela.gnu.linkonce.b.*)
 *(.rela.iplt)

.rel.plt        0x0000000000002f50        0x0
 *(.rel.plt)
 .rel.plt       0x0000000000000000        0x0 c:/Marmalade/archives/android-ndk-r9d-windows-x86-zip/platforms/android-9/arch-mips/usr/lib/crtbegin_so.o

.rela.plt
 *(.rela.plt)

.init
 *(.init)

.plt            0x0000000000002f50        0x0
 *(.plt)
 .plt           0x0000000000000000        0x0 c:/Marmalade/archives/android-ndk-r9d-windows-x86-zip/platforms/android-9/arch-mips/usr/lib/crtbegin_so.o

.iplt
 *(.iplt)

.text           0x0000000000002f50    0x146c0
                0x0000000000002f50                _ftext = .
 *(.text.unlikely .text.*_unlikely)
 *(.text.exit .text.exit.*)
 .text.exit     0x0000000000002f50       0x18 c:/Marmalade/archives/android-ndk-r9d-windows-x86-zip/platforms/android-9/arch-mips/usr/lib/crtbegin_so.o
                0x0000000000002f50                __on_dlclose
 *(.text.startup .text.startup.*)
 *(.text.hot .text.hot.*)
 *(.text .stub .text.* .gnu.linkonce.t.*)
 *fill*         0x0000000000002f68        0x8 00000000
 .text          0x0000000000002f70       0x20 c:/Marmalade/archives/android-ndk-r9d-windows-x86-zip/platforms/android-9/arch-mips/usr/lib/crtbegin_so.o
                0x0000000000002f70                atexit
 .text          0x0000000000002f90     0x23e0 debug\s3eAndroidGooglePlayBilling_platform.os
                0x00000000000031a4                s3eAndroidGooglePlayBillingInit_platform()
                0x0000000000003884                s3eAndroidGooglePlayBillingTerminate_platform()
                0x00000000000038a4                s3eAndroidGooglePlayBillingStart_platform(char const*)
                0x0000000000003950                s3eAndroidGooglePlayBillingStop_platform()
                0x00000000000039d4                s3eAndroidGooglePlayBillingIsSupported_platform()
                0x0000000000003a58                s3eAndroidGooglePlayBillingRequestPurchase_platform(char const*, bool, char const*)
                0x0000000000003b40                s3eAndroidGooglePlayBillingRequestProductInformation_platform(char const**, int, char const**, int)
                0x0000000000003c8c                s3eAndroidGooglePlayBillingRestoreTransactions_platform()
                0x0000000000003d10                s3eAndroidGooglePlayBillingConsumeItem_platform(char const*)
                0x0000000000004014                ConvertPurchase(_JNIEnv*, _jobject*, s3eAndroidGooglePlayBillingPurchase*)
                0x00000000000043b8                DeletePurchase(s3eAndroidGooglePlayBillingPurchase*)
                0x000000000000461c                s3e_ANDROIDGOOGLEPLAYBILLING_PURCHASE_CALLBACK(_JNIEnv*, _jobject*, int, _jstring*, _jobject*)
                0x0000000000004764                ConvertSku(_JNIEnv*, _jobject*, s3eAndroidGooglePlayBillingItemInfo*)
                0x0000000000004998                DeleteItemData(s3eAndroidGooglePlayBillingItemInfo*)
                0x0000000000004c14                s3e_ANDROIDGOOGLEPLAYBILLING_LIST_PRODUCTS_CALLBACK(_JNIEnv*, _jobject*, int, _jstring*, _jobjectArray*)
                0x0000000000004fa0                s3e_ANDROIDGOOGLEPLAYBILLING_RESTORE_CALLBACK(_JNIEnv*, _jobject*, int, _jstring*, _jobjectArray*)
                0x0000000000005284                s3e_ANDROIDGOOGLEPLAYBILLING_CONSUME_CALLBACK(_JNIEnv*, _jobject*, int, _jstring*)
 .text._ZN7_JNIEnv9FindClassEPKc
                0x0000000000005370       0x50 debug\s3eAndroidGooglePlayBilling_platform.os
                0x0000000000005370                _JNIEnv::FindClass(char const*)
 .text._ZN7_JNIEnv17ExceptionOccurredEv
                0x00000000000053c0       0x48 debug\s3eAndroidGooglePlayBilling_platform.os
                0x00000000000053c0                _JNIEnv::ExceptionOccurred()
 .text._ZN7_JNIEnv17ExceptionDescribeEv
                0x0000000000005408       0x48 debug\s3eAndroidGooglePlayBilling_platform.os
                0x0000000000005408                _JNIEnv::ExceptionDescribe()
 .text._ZN7_JNIEnv14ExceptionClearEv
                0x0000000000005450       0x48 debug\s3eAndroidGooglePlayBilling_platform.os
                0x0000000000005450                _JNIEnv::ExceptionClear()
 .text._ZN7_JNIEnv14PushLocalFrameEi
                0x0000000000005498       0x50 debug\s3eAndroidGooglePlayBilling_platform.os
                0x0000000000005498                _JNIEnv::PushLocalFrame(int)
 .text._ZN7_JNIEnv13PopLocalFrameEP8_jobject
                0x00000000000054e8       0x50 debug\s3eAndroidGooglePlayBilling_platform.os
                0x00000000000054e8                _JNIEnv::PopLocalFrame(_jobject*)
 .text._ZN7_JNIEnv12NewGlobalRefEP8_jobject
                0x0000000000005538       0x50 debug\s3eAndroidGooglePlayBilling_platform.os
                0x0000000000005538                _JNIEnv::NewGlobalRef(_jobject*)
 .text._ZN7_JNIEnv15DeleteGlobalRefEP8_jobject
                0x0000000000005588       0x50 debug\s3eAndroidGooglePlayBilling_platform.os
                0x0000000000005588                _JNIEnv::DeleteGlobalRef(_jobject*)
 .text._ZN7_JNIEnv14DeleteLocalRefEP8_jobject
                0x00000000000055d8       0x50 debug\s3eAndroidGooglePlayBilling_platform.os
                0x00000000000055d8                _JNIEnv::DeleteLocalRef(_jobject*)
 .text._ZN7_JNIEnv9NewObjectEP7_jclassP10_jmethodIDz
                0x0000000000005628       0x74 debug\s3eAndroidGooglePlayBilling_platform.os
                0x0000000000005628                _JNIEnv::NewObject(_jclass*, _jmethodID*, ...)
 .text._ZN7_JNIEnv11GetMethodIDEP7_jclassPKcS3_
                0x000000000000569c       0x60 debug\s3eAndroidGooglePlayBilling_platform.os
                0x000000000000569c                _JNIEnv::GetMethodID(_jclass*, char const*, char const*)
 .text._ZN7_JNIEnv13CallIntMethodEP8_jobjectP10_jmethodIDz
                0x00000000000056fc       0x74 debug\s3eAndroidGooglePlayBilling_platform.os
                0x00000000000056fc                _JNIEnv::CallIntMethod(_jobject*, _jmethodID*, ...)
 .text._ZN7_JNIEnv14CallVoidMethodEP8_jobjectP10_jmethodIDz
                0x0000000000005770       0x6c debug\s3eAndroidGooglePlayBilling_platform.os
                0x0000000000005770                _JNIEnv::CallVoidMethod(_jobject*, _jmethodID*, ...)
 .text._ZN7_JNIEnv10GetFieldIDEP7_jclassPKcS3_
                0x00000000000057dc       0x60 debug\s3eAndroidGooglePlayBilling_platform.os
                0x00000000000057dc                _JNIEnv::GetFieldID(_jclass*, char const*, char const*)
 .text._ZN7_JNIEnv14GetObjectFieldEP8_jobjectP9_jfieldID
                0x000000000000583c       0x58 debug\s3eAndroidGooglePlayBilling_platform.os
                0x000000000000583c                _JNIEnv::GetObjectField(_jobject*, _jfieldID*)
 .text._ZN7_JNIEnv11GetIntFieldEP8_jobjectP9_jfieldID
                0x0000000000005894       0x58 debug\s3eAndroidGooglePlayBilling_platform.os
                0x0000000000005894                _JNIEnv::GetIntField(_jobject*, _jfieldID*)
 .text._ZN7_JNIEnv12GetLongFieldEP8_jobjectP9_jfieldID
                0x00000000000058ec       0x58 debug\s3eAndroidGooglePlayBilling_platform.os
                0x00000000000058ec                _JNIEnv::GetLongField(_jobject*, _jfieldID*)
 .text._ZN7_JNIEnv12NewStringUTFEPKc
                0x0000000000005944       0x50 debug\s3eAndroidGooglePlayBilling_platform.os
                0x0000000000005944                _JNIEnv::NewStringUTF(char const*)
 .text._ZN7_JNIEnv18GetStringUTFLengthEP8_jstring
                0x0000000000005994       0x50 debug\s3eAndroidGooglePlayBilling_platform.os
                0x0000000000005994                _JNIEnv::GetStringUTFLength(_jstring*)
 .text._ZN7_JNIEnv17GetStringUTFCharsEP8_jstringPh
                0x00000000000059e4       0x58 debug\s3eAndroidGooglePlayBilling_platform.os
                0x00000000000059e4                _JNIEnv::GetStringUTFChars(_jstring*, unsigned char*)
 .text._ZN7_JNIEnv21ReleaseStringUTFCharsEP8_jstringPKc
                0x0000000000005a3c       0x58 debug\s3eAndroidGooglePlayBilling_platform.os
                0x0000000000005a3c                _JNIEnv::ReleaseStringUTFChars(_jstring*, char const*)
 .text._ZN7_JNIEnv14GetArrayLengthEP7_jarray
                0x0000000000005a94       0x50 debug\s3eAndroidGooglePlayBilling_platform.os
                0x0000000000005a94                _JNIEnv::GetArrayLength(_jarray*)
 .text._ZN7_JNIEnv14NewObjectArrayEiP7_jclassP8_jobject
                0x0000000000005ae4       0x60 debug\s3eAndroidGooglePlayBilling_platform.os
                0x0000000000005ae4                _JNIEnv::NewObjectArray(int, _jclass*, _jobject*)
 .text._ZN7_JNIEnv21GetObjectArrayElementEP13_jobjectArrayi
                0x0000000000005b44       0x58 debug\s3eAndroidGooglePlayBilling_platform.os
                0x0000000000005b44                _JNIEnv::GetObjectArrayElement(_jobjectArray*, int)
 .text._ZN7_JNIEnv21SetObjectArrayElementEP13_jobjectArrayiP8_jobject
                0x0000000000005b9c       0x60 debug\s3eAndroidGooglePlayBilling_platform.os
                0x0000000000005b9c                _JNIEnv::SetObjectArrayElement(_jobjectArray*, int, _jobject*)
 .text._ZN7_JNIEnv15RegisterNativesEP7_jclassPK15JNINativeMethodi
                0x0000000000005bfc       0x60 debug\s3eAndroidGooglePlayBilling_platform.os
                0x0000000000005bfc                _JNIEnv::RegisterNatives(_jclass*, JNINativeMethod const*, int)
 .text._ZN7_JavaVM6GetEnvEPPvi
                0x0000000000005c5c       0x58 debug\s3eAndroidGooglePlayBilling_platform.os
                0x0000000000005c5c                _JavaVM::GetEnv(void**, int)
 .text._ZN18s3eAndroidJNIFrameC1EP7_JNIEnvi
                0x0000000000005cb4       0x6c debug\s3eAndroidGooglePlayBilling_platform.os
                0x0000000000005cb4                s3eAndroidJNIFrame::s3eAndroidJNIFrame(_JNIEnv*, int)
 .text._ZN18s3eAndroidJNIFrameD1Ev
                0x0000000000005d20       0x60 debug\s3eAndroidGooglePlayBilling_platform.os
                0x0000000000005d20                s3eAndroidJNIFrame::~s3eAndroidJNIFrame()
 .text._ZN18s3eAndroidJNIFrameptEv
                0x0000000000005d80       0x2c debug\s3eAndroidGooglePlayBilling_platform.os
                0x0000000000005d80                s3eAndroidJNIFrame::operator->()
 *fill*         0x0000000000005dac        0x4 00000000
 .text          0x0000000000005db0      0x300 debug\s3eAndroidGooglePlayBilling.os
                0x0000000000005db0                s3eAndroidGooglePlayBillingInit()
                0x0000000000005dfc                s3eAndroidGooglePlayBillingTerminate()
                0x0000000000005e48                s3eAndroidGooglePlayBillingStart
                0x0000000000005e9c                s3eAndroidGooglePlayBillingStop
                0x0000000000005ee8                s3eAndroidGooglePlayBillingIsSupported
                0x0000000000005f34                s3eAndroidGooglePlayBillingRequestPurchase
                0x0000000000005fa0                s3eAndroidGooglePlayBillingRequestProductInformation
                0x000000000000600c                s3eAndroidGooglePlayBillingRestoreTransactions
                0x0000000000006058                s3eAndroidGooglePlayBillingConsumeItem
 .text          0x00000000000060b0      0x680 debug\s3eAndroidGooglePlayBilling_register.os
                0x00000000000064cc                s3eAndroidGooglePlayBillingRegister
                0x0000000000006548                s3eAndroidGooglePlayBillingUnRegister
                0x00000000000065b8                s3eAndroidGooglePlayBillingRegisterExt()
                0x00000000000066e4                RegisterExt
 .text          0x0000000000006730     0x13e0 D:\JenkinsWS\workspace\ReleaseWin32FullBinaries\sdk\s3e\edk\lib\android\mips\libedk.a(IwDebug.o)
                0x0000000000006730                IwAssertRegisterTextCallback
                0x000000000000674c                IwAssertRegisterCallback
                0x0000000000006768                IwDebugTraceSetTraceChannel
                0x0000000000006780                IwDebugErrorRegisterCallback
                0x000000000000679c                IwDebugAssertSetUID
                0x0000000000006868                IwDebugClearConfigCache
                0x00000000000068fc                IwDebugErrorShow
                0x0000000000006a20                IwDebugTraceLineVPrintf
                0x0000000000006b74                IwDebugTraceLinePrintf
                0x0000000000006cd8                IwDebugTraceIsChannelOn
                0x0000000000006f8c                IwDebugTraceChannelSwitch
                0x00000000000073a4                IwDebugAssertIsChannelOn
                0x0000000000007584                IwDebugTraceDisable
                0x00000000000075a4                IwDebugAssertSetMessage
                0x00000000000076cc                IwDebugAssertSetSolution
                0x00000000000077ac                IwDebugAssertShow
 .text          0x0000000000007b10       0xd0 D:\JenkinsWS\workspace\ReleaseWin32FullBinaries\sdk\s3e\edk\lib\android\mips\libedk.a(edk_helpers.o)
                0x0000000000007b10                s3eEdkThreadRunOnOSAsync
                0x0000000000007b50                s3eEdkThreadRunOnOS
                0x0000000000007b90                s3eEdkErrorSetString
 .text          0x0000000000007be0        0x0 C:\Marmalade\archives\android-ndk-r9d-windows-x86-zip\sources\cxx-stl\gnu-libstdc++\4.4.3\libs\mips\libgnustl_static.a(del_op.o)
 .text._ZdlPv   0x0000000000007be0       0x28 C:\Marmalade\archives\android-ndk-r9d-windows-x86-zip\sources\cxx-stl\gnu-libstdc++\4.4.3\libs\mips\libgnustl_static.a(del_op.o)
                0x0000000000007be0                operator delete(void*)
 *fill*         0x0000000000007c08        0x8 00000000
 .text          0x0000000000007c10        0x0 C:\Marmalade\archives\android-ndk-r9d-windows-x86-zip\sources\cxx-stl\gnu-libstdc++\4.4.3\libs\mips\libgnustl_static.a(del_opv.o)
 .text._ZdaPv   0x0000000000007c10       0x18 C:\Marmalade\archives\android-ndk-r9d-windows-x86-zip\sources\cxx-stl\gnu-libstdc++\4.4.3\libs\mips\libgnustl_static.a(del_opv.o)
                0x0000000000007c10                operator delete[](void*)
 *fill*         0x0000000000007c28        0x8 00000000
 .text          0x0000000000007c30        0x0 C:\Marmalade\archives\android-ndk-r9d-windows-x86-zip\sources\cxx-stl\gnu-libstdc++\4.4.3\libs\mips\libgnustl_static.a(new_op.o)
 .text._Znwj    0x0000000000007c30       0xe0 C:\Marmalade\archives\android-ndk-r9d-windows-x86-zip\sources\cxx-stl\gnu-libstdc++\4.4.3\libs\mips\libgnustl_static.a(new_op.o)
                0x0000000000007c30                operator new(unsigned int)
 .text          0x0000000000007d10        0x0 C:\Marmalade\archives\android-ndk-r9d-windows-x86-zip\sources\cxx-stl\gnu-libstdc++\4.4.3\libs\mips\libgnustl_static.a(new_opv.o)
 .text._Znaj    0x0000000000007d10       0x54 C:\Marmalade\archives\android-ndk-r9d-windows-x86-zip\sources\cxx-stl\gnu-libstdc++\4.4.3\libs\mips\libgnustl_static.a(new_opv.o)
                0x0000000000007d10                operator new[](unsigned int)
 *fill*         0x0000000000007d64        0xc 00000000
 .text          0x0000000000007d70        0x0 C:\Marmalade\archives\android-ndk-r9d-windows-x86-zip\sources\cxx-stl\gnu-libstdc++\4.4.3\libs\mips\libgnustl_static.a(eh_alloc.o)
 .text._ZNK9__gnu_cxx24__concurrence_lock_error4whatEv
                0x0000000000007d70       0x18 C:\Marmalade\archives\android-ndk-r9d-windows-x86-zip\sources\cxx-stl\gnu-libstdc++\4.4.3\libs\mips\libgnustl_static.a(eh_alloc.o)
                0x0000000000007d70                __gnu_cxx::__concurrence_lock_error::what() const
 .text._ZNK9__gnu_cxx26__concurrence_unlock_error4whatEv
                0x0000000000007d88       0x18 C:\Marmalade\archives\android-ndk-r9d-windows-x86-zip\sources\cxx-stl\gnu-libstdc++\4.4.3\libs\mips\libgnustl_static.a(eh_alloc.o)
                0x0000000000007d88                __gnu_cxx::__concurrence_unlock_error::what() const
 .text._GLOBAL__I_eh_alloc.cc
                0x0000000000007da0       0x30 C:\Marmalade\archives\android-ndk-r9d-windows-x86-zip\sources\cxx-stl\gnu-libstdc++\4.4.3\libs\mips\libgnustl_static.a(eh_alloc.o)
 .text._ZN9__gnu_cxx24__concurrence_lock_errorD1Ev
                0x0000000000007dd0       0x20 C:\Marmalade\archives\android-ndk-r9d-windows-x86-zip\sources\cxx-stl\gnu-libstdc++\4.4.3\libs\mips\libgnustl_static.a(eh_alloc.o)
                0x0000000000007dd0                __gnu_cxx::__concurrence_lock_error::~__concurrence_lock_error()
 .text._ZN9__gnu_cxx24__concurrence_lock_errorD0Ev
                0x0000000000007df0       0x50 C:\Marmalade\archives\android-ndk-r9d-windows-x86-zip\sources\cxx-stl\gnu-libstdc++\4.4.3\libs\mips\libgnustl_static.a(eh_alloc.o)
                0x0000000000007df0                __gnu_cxx::__concurrence_lock_error::~__concurrence_lock_error()
 .text._ZN9__gnu_cxx26__concurrence_unlock_errorD1Ev
                0x0000000000007e40       0x20 C:\Marmalade\archives\android-ndk-r9d-windows-x86-zip\sources\cxx-stl\gnu-libstdc++\4.4.3\libs\mips\libgnustl_static.a(eh_alloc.o)
                0x0000000000007e40                __gnu_cxx::__concurrence_unlock_error::~__concurrence_unlock_error()
 .text._ZN9__gnu_cxx26__concurrence_unlock_errorD0Ev
                0x0000000000007e60       0x50 C:\Marmalade\archives\android-ndk-r9d-windows-x86-zip\sources\cxx-stl\gnu-libstdc++\4.4.3\libs\mips\libgnustl_static.a(eh_alloc.o)
                0x0000000000007e60                __gnu_cxx::__concurrence_unlock_error::~__concurrence_unlock_error()
 .text._ZN9__gnu_cxx13__scoped_lockD1Ev
                0x0000000000007eb0       0x8c C:\Marmalade\archives\android-ndk-r9d-windows-x86-zip\sources\cxx-stl\gnu-libstdc++\4.4.3\libs\mips\libgnustl_static.a(eh_alloc.o)
                0x0000000000007eb0                __gnu_cxx::__scoped_lock::~__scoped_lock()
 .text.__cxa_free_dependent_exception
                0x0000000000007f3c      0x15c C:\Marmalade\archives\android-ndk-r9d-windows-x86-zip\sources\cxx-stl\gnu-libstdc++\4.4.3\libs\mips\libgnustl_static.a(eh_alloc.o)
                0x0000000000007f3c                __cxa_free_dependent_exception
 .text.__cxa_free_exception
                0x0000000000008098      0x160 C:\Marmalade\archives\android-ndk-r9d-windows-x86-zip\sources\cxx-stl\gnu-libstdc++\4.4.3\libs\mips\libgnustl_static.a(eh_alloc.o)
                0x0000000000008098                __cxa_free_exception
 .text.__cxa_allocate_dependent_exception
                0x00000000000081f8      0x1cc C:\Marmalade\archives\android-ndk-r9d-windows-x86-zip\sources\cxx-stl\gnu-libstdc++\4.4.3\libs\mips\libgnustl_static.a(eh_alloc.o)
                0x00000000000081f8                __cxa_allocate_dependent_exception
 .text.__cxa_allocate_exception
                0x00000000000083c4      0x1e0 C:\Marmalade\archives\android-ndk-r9d-windows-x86-zip\sources\cxx-stl\gnu-libstdc++\4.4.3\libs\mips\libgnustl_static.a(eh_alloc.o)
                0x00000000000083c4                __cxa_allocate_exception
 *fill*         0x00000000000085a4        0xc 00000000
 .text          0x00000000000085b0        0x0 C:\Marmalade\archives\android-ndk-r9d-windows-x86-zip\sources\cxx-stl\gnu-libstdc++\4.4.3\libs\mips\libgnustl_static.a(eh_exception.o)
 .text._ZNSt9exceptionD2Ev
                0x00000000000085b0        0x8 C:\Marmalade\archives\android-ndk-r9d-windows-x86-zip\sources\cxx-stl\gnu-libstdc++\4.4.3\libs\mips\libgnustl_static.a(eh_exception.o)
                0x00000000000085b0                std::exception::~exception()
 .text._ZNSt9exceptionD1Ev
                0x00000000000085b8        0x8 C:\Marmalade\archives\android-ndk-r9d-windows-x86-zip\sources\cxx-stl\gnu-libstdc++\4.4.3\libs\mips\libgnustl_static.a(eh_exception.o)
                0x00000000000085b8                std::exception::~exception()
 .text._ZNSt13bad_exceptionD2Ev
                0x00000000000085c0       0x20 C:\Marmalade\archives\android-ndk-r9d-windows-x86-zip\sources\cxx-stl\gnu-libstdc++\4.4.3\libs\mips\libgnustl_static.a(eh_exception.o)
                0x00000000000085c0                std::bad_exception::~bad_exception()
 .text._ZNSt13bad_exceptionD1Ev
                0x00000000000085e0       0x20 C:\Marmalade\archives\android-ndk-r9d-windows-x86-zip\sources\cxx-stl\gnu-libstdc++\4.4.3\libs\mips\libgnustl_static.a(eh_exception.o)
                0x00000000000085e0                std::bad_exception::~bad_exception()
 .text._ZN10__cxxabiv115__forced_unwindD2Ev
                0x0000000000008600        0x8 C:\Marmalade\archives\android-ndk-r9d-windows-x86-zip\sources\cxx-stl\gnu-libstdc++\4.4.3\libs\mips\libgnustl_static.a(eh_exception.o)
                0x0000000000008600                __cxxabiv1::__forced_unwind::~__forced_unwind()
 .text._ZN10__cxxabiv115__forced_unwindD1Ev
                0x0000000000008608        0x8 C:\Marmalade\archives\android-ndk-r9d-windows-x86-zip\sources\cxx-stl\gnu-libstdc++\4.4.3\libs\mips\libgnustl_static.a(eh_exception.o)
                0x0000000000008608                __cxxabiv1::__forced_unwind::~__forced_unwind()
 .text._ZN10__cxxabiv119__foreign_exceptionD2Ev
                0x0000000000008610        0x8 C:\Marmalade\archives\android-ndk-r9d-windows-x86-zip\sources\cxx-stl\gnu-libstdc++\4.4.3\libs\mips\libgnustl_static.a(eh_exception.o)
                0x0000000000008610                __cxxabiv1::__foreign_exception::~__foreign_exception()
 .text._ZN10__cxxabiv119__foreign_exceptionD1Ev
                0x0000000000008618        0x8 C:\Marmalade\archives\android-ndk-r9d-windows-x86-zip\sources\cxx-stl\gnu-libstdc++\4.4.3\libs\mips\libgnustl_static.a(eh_exception.o)
                0x0000000000008618                __cxxabiv1::__foreign_exception::~__foreign_exception()
 .text._ZNKSt9exception4whatEv
                0x0000000000008620       0x18 C:\Marmalade\archives\android-ndk-r9d-windows-x86-zip\sources\cxx-stl\gnu-libstdc++\4.4.3\libs\mips\libgnustl_static.a(eh_exception.o)
                0x0000000000008620                std::exception::what() const
 .text._ZNKSt13bad_exception4whatEv
                0x0000000000008638       0x18 C:\Marmalade\archives\android-ndk-r9d-windows-x86-zip\sources\cxx-stl\gnu-libstdc++\4.4.3\libs\mips\libgnustl_static.a(eh_exception.o)
                0x0000000000008638                std::bad_exception::what() const
 .text._ZN10__cxxabiv119__foreign_exceptionD0Ev
                0x0000000000008650       0x44 C:\Marmalade\archives\android-ndk-r9d-windows-x86-zip\sources\cxx-stl\gnu-libstdc++\4.4.3\libs\mips\libgnustl_static.a(eh_exception.o)
                0x0000000000008650                __cxxabiv1::__foreign_exception::~__foreign_exception()
 .text._ZN10__cxxabiv115__forced_unwindD0Ev
                0x0000000000008694       0x44 C:\Marmalade\archives\android-ndk-r9d-windows-x86-zip\sources\cxx-stl\gnu-libstdc++\4.4.3\libs\mips\libgnustl_static.a(eh_exception.o)
                0x0000000000008694                __cxxabiv1::__forced_unwind::~__forced_unwind()
 .text._ZNSt9exceptionD0Ev
                0x00000000000086d8       0x44 C:\Marmalade\archives\android-ndk-r9d-windows-x86-zip\sources\cxx-stl\gnu-libstdc++\4.4.3\libs\mips\libgnustl_static.a(eh_exception.o)
                0x00000000000086d8                std::exception::~exception()
 .text._ZNSt13bad_exceptionD0Ev
                0x000000000000871c       0x44 C:\Marmalade\archives\android-ndk-r9d-windows-x86-zip\sources\cxx-stl\gnu-libstdc++\4.4.3\libs\mips\libgnustl_static.a(eh_exception.o)
                0x000000000000871c                std::bad_exception::~bad_exception()
 .text          0x0000000000008760        0x0 C:\Marmalade\archives\android-ndk-r9d-windows-x86-zip\sources\cxx-stl\gnu-libstdc++\4.4.3\libs\mips\libgnustl_static.a(eh_globals.o)
 .text._GLOBAL__I_eh_globals.cc
                0x0000000000008760       0x68 C:\Marmalade\archives\android-ndk-r9d-windows-x86-zip\sources\cxx-stl\gnu-libstdc++\4.4.3\libs\mips\libgnustl_static.a(eh_globals.o)
 .text._ZL15eh_globals_dtorPv
                0x00000000000087c8       0x80 C:\Marmalade\archives\android-ndk-r9d-windows-x86-zip\sources\cxx-stl\gnu-libstdc++\4.4.3\libs\mips\libgnustl_static.a(eh_globals.o)
 .text._ZN17__eh_globals_initD1Ev
                0x0000000000008848       0x54 C:\Marmalade\archives\android-ndk-r9d-windows-x86-zip\sources\cxx-stl\gnu-libstdc++\4.4.3\libs\mips\libgnustl_static.a(eh_globals.o)
                0x0000000000008848                __eh_globals_init::~__eh_globals_init()
 .text.__cxa_get_globals_fast
                0x000000000000889c       0x78 C:\Marmalade\archives\android-ndk-r9d-windows-x86-zip\sources\cxx-stl\gnu-libstdc++\4.4.3\libs\mips\libgnustl_static.a(eh_globals.o)
                0x000000000000889c                __cxa_get_globals_fast
 .text.__cxa_get_globals
                0x0000000000008914       0xd0 C:\Marmalade\archives\android-ndk-r9d-windows-x86-zip\sources\cxx-stl\gnu-libstdc++\4.4.3\libs\mips\libgnustl_static.a(eh_globals.o)
                0x0000000000008914                __cxa_get_globals
 *fill*         0x00000000000089e4        0xc 00000000
 .text          0x00000000000089f0        0x0 C:\Marmalade\archives\android-ndk-r9d-windows-x86-zip\sources\cxx-stl\gnu-libstdc++\4.4.3\libs\mips\libgnustl_static.a(eh_personality.o)
 .text._ZL21base_of_encoded_valuehP15_Unwind_Context
                0x00000000000089f0       0xc0 C:\Marmalade\archives\android-ndk-r9d-windows-x86-zip\sources\cxx-stl\gnu-libstdc++\4.4.3\libs\mips\libgnustl_static.a(eh_personality.o)
 .text._ZL20check_exception_specP16lsda_header_infoPKSt9type_infoPvl
                0x0000000000008ab0      0x2c8 C:\Marmalade\archives\android-ndk-r9d-windows-x86-zip\sources\cxx-stl\gnu-libstdc++\4.4.3\libs\mips\libgnustl_static.a(eh_personality.o)
 .text._ZL17parse_lsda_headerP15_Unwind_ContextPKhP16lsda_header_info
                0x0000000000008d78      0x294 C:\Marmalade\archives\android-ndk-r9d-windows-x86-zip\sources\cxx-stl\gnu-libstdc++\4.4.3\libs\mips\libgnustl_static.a(eh_personality.o)
 .text.__cxa_call_unexpected
                0x000000000000900c      0x184 C:\Marmalade\archives\android-ndk-r9d-windows-x86-zip\sources\cxx-stl\gnu-libstdc++\4.4.3\libs\mips\libgnustl_static.a(eh_personality.o)
                0x000000000000900c                __cxa_call_unexpected
 .text.__gxx_personality_v0
                0x0000000000009190      0xdbc C:\Marmalade\archives\android-ndk-r9d-windows-x86-zip\sources\cxx-stl\gnu-libstdc++\4.4.3\libs\mips\libgnustl_static.a(eh_personality.o)
                0x0000000000009190                __gxx_personality_v0
 *fill*         0x0000000000009f4c        0x4 00000000
 .text          0x0000000000009f50        0x0 C:\Marmalade\archives\android-ndk-r9d-windows-x86-zip\sources\cxx-stl\gnu-libstdc++\4.4.3\libs\mips\libgnustl_static.a(eh_terminate.o)
 .text._ZSt13set_terminatePFvvE
                0x0000000000009f50       0x34 C:\Marmalade\archives\android-ndk-r9d-windows-x86-zip\sources\cxx-stl\gnu-libstdc++\4.4.3\libs\mips\libgnustl_static.a(eh_terminate.o)
                0x0000000000009f50                std::set_terminate(void (*)())
 .text._ZSt14set_unexpectedPFvvE
                0x0000000000009f84       0x34 C:\Marmalade\archives\android-ndk-r9d-windows-x86-zip\sources\cxx-stl\gnu-libstdc++\4.4.3\libs\mips\libgnustl_static.a(eh_terminate.o)
                0x0000000000009f84                std::set_unexpected(void (*)())
 .text._ZN10__cxxabiv111__terminateEPFvvE
                0x0000000000009fb8       0x7c C:\Marmalade\archives\android-ndk-r9d-windows-x86-zip\sources\cxx-stl\gnu-libstdc++\4.4.3\libs\mips\libgnustl_static.a(eh_terminate.o)
                0x0000000000009fb8                __cxxabiv1::__terminate(void (*)())
 .text._ZSt9terminatev
                0x000000000000a034       0x30 C:\Marmalade\archives\android-ndk-r9d-windows-x86-zip\sources\cxx-stl\gnu-libstdc++\4.4.3\libs\mips\libgnustl_static.a(eh_terminate.o)
                0x000000000000a034                std::terminate()
 .text._ZN10__cxxabiv112__unexpectedEPFvvE
                0x000000000000a064       0x3c C:\Marmalade\archives\android-ndk-r9d-windows-x86-zip\sources\cxx-stl\gnu-libstdc++\4.4.3\libs\mips\libgnustl_static.a(eh_terminate.o)
                0x000000000000a064                __cxxabiv1::__unexpected(void (*)())
 .text._ZSt10unexpectedv
                0x000000000000a0a0       0x30 C:\Marmalade\archives\android-ndk-r9d-windows-x86-zip\sources\cxx-stl\gnu-libstdc++\4.4.3\libs\mips\libgnustl_static.a(eh_terminate.o)
                0x000000000000a0a0                std::unexpected()
 .text          0x000000000000a0d0        0x0 C:\Marmalade\archives\android-ndk-r9d-windows-x86-zip\sources\cxx-stl\gnu-libstdc++\4.4.3\libs\mips\libgnustl_static.a(eh_throw.o)
 .text.__cxa_rethrow
                0x000000000000a0d0       0xc4 C:\Marmalade\archives\android-ndk-r9d-windows-x86-zip\sources\cxx-stl\gnu-libstdc++\4.4.3\libs\mips\libgnustl_static.a(eh_throw.o)
                0x000000000000a0d0                __cxa_rethrow
 .text.__cxa_throw
                0x000000000000a194       0xa4 C:\Marmalade\archives\android-ndk-r9d-windows-x86-zip\sources\cxx-stl\gnu-libstdc++\4.4.3\libs\mips\libgnustl_static.a(eh_throw.o)
                0x000000000000a194                __cxa_throw
 .text._ZL23__gxx_exception_cleanup19_Unwind_Reason_CodeP17_Unwind_Exception
                0x000000000000a238       0xcc C:\Marmalade\archives\android-ndk-r9d-windows-x86-zip\sources\cxx-stl\gnu-libstdc++\4.4.3\libs\mips\libgnustl_static.a(eh_throw.o)
 *fill*         0x000000000000a304        0xc 00000000
 .text          0x000000000000a310        0x0 C:\Marmalade\archives\android-ndk-r9d-windows-x86-zip\sources\cxx-stl\gnu-libstdc++\4.4.3\libs\mips\libgnustl_static.a(eh_unex_handler.o)
 .text          0x000000000000a310        0x0 C:\Marmalade\archives\android-ndk-r9d-windows-x86-zip\sources\cxx-stl\gnu-libstdc++\4.4.3\libs\mips\libgnustl_static.a(new_handler.o)
 .text._ZSt15set_new_handlerPFvvE
                0x000000000000a310       0x1c C:\Marmalade\archives\android-ndk-r9d-windows-x86-zip\sources\cxx-stl\gnu-libstdc++\4.4.3\libs\mips\libgnustl_static.a(new_handler.o)
                0x000000000000a310                std::set_new_handler(void (*)())
 .text._ZNKSt9bad_alloc4whatEv
                0x000000000000a32c       0x18 C:\Marmalade\archives\android-ndk-r9d-windows-x86-zip\sources\cxx-stl\gnu-libstdc++\4.4.3\libs\mips\libgnustl_static.a(new_handler.o)
                0x000000000000a32c                std::bad_alloc::what() const
 .text._ZNSt9bad_allocD1Ev
                0x000000000000a344       0x20 C:\Marmalade\archives\android-ndk-r9d-windows-x86-zip\sources\cxx-stl\gnu-libstdc++\4.4.3\libs\mips\libgnustl_static.a(new_handler.o)
                0x000000000000a344                std::bad_alloc::~bad_alloc()
 .text._ZNSt9bad_allocD0Ev
                0x000000000000a364       0x44 C:\Marmalade\archives\android-ndk-r9d-windows-x86-zip\sources\cxx-stl\gnu-libstdc++\4.4.3\libs\mips\libgnustl_static.a(new_handler.o)
                0x000000000000a364                std::bad_alloc::~bad_alloc()
 .text._ZNSt9bad_allocD2Ev
                0x000000000000a3a8       0x20 C:\Marmalade\archives\android-ndk-r9d-windows-x86-zip\sources\cxx-stl\gnu-libstdc++\4.4.3\libs\mips\libgnustl_static.a(new_handler.o)
                0x000000000000a3a8                std::bad_alloc::~bad_alloc()
 *fill*         0x000000000000a3c8        0x8 00000000
 .text          0x000000000000a3d0        0x0 C:\Marmalade\archives\android-ndk-r9d-windows-x86-zip\sources\cxx-stl\gnu-libstdc++\4.4.3\libs\mips\libgnustl_static.a(pure.o)
 .text.__cxa_pure_virtual
                0x000000000000a3d0       0x40 C:\Marmalade\archives\android-ndk-r9d-windows-x86-zip\sources\cxx-stl\gnu-libstdc++\4.4.3\libs\mips\libgnustl_static.a(pure.o)
                0x000000000000a3d0                __cxa_pure_virtual
 .text          0x000000000000a410        0x0 C:\Marmalade\archives\android-ndk-r9d-windows-x86-zip\sources\cxx-stl\gnu-libstdc++\4.4.3\libs\mips\libgnustl_static.a(si_class_type_info.o)
 .text._ZNK10__cxxabiv120__si_class_type_info11__do_upcastEPKNS_17__class_type_infoEPKvRNS1_15__upcast_resultE
                0x000000000000a410       0x9c C:\Marmalade\archives\android-ndk-r9d-windows-x86-zip\sources\cxx-stl\gnu-libstdc++\4.4.3\libs\mips\libgnustl_static.a(si_class_type_info.o)
                0x000000000000a410                __cxxabiv1::__si_class_type_info::__do_upcast(__cxxabiv1::__class_type_info const*, void const*, __cxxabiv1::__class_type_info::__upcast_result&) const
 .text._ZNK10__cxxabiv120__si_class_type_info12__do_dyncastEiNS_17__class_type_info10__sub_kindEPKS1_PKvS4_S6_RNS1_16__dyncast_resultE
                0x000000000000a4ac      0x18c C:\Marmalade\archives\android-ndk-r9d-windows-x86-zip\sources\cxx-stl\gnu-libstdc++\4.4.3\libs\mips\libgnustl_static.a(si_class_type_info.o)
                0x000000000000a4ac                __cxxabiv1::__si_class_type_info::__do_dyncast(int, __cxxabiv1::__class_type_info::__sub_kind, __cxxabiv1::__class_type_info const*, void const*, __cxxabiv1::__class_type_info const*, void const*, __cxxabiv1::__class_type_info::__dyncast_result&) const
 .text._ZNK10__cxxabiv120__si_class_type_info20__do_find_public_srcEiPKvPKNS_17__class_type_infoES2_
                0x000000000000a638       0xb4 C:\Marmalade\archives\android-ndk-r9d-windows-x86-zip\sources\cxx-stl\gnu-libstdc++\4.4.3\libs\mips\libgnustl_static.a(si_class_type_info.o)
                0x000000000000a638                __cxxabiv1::__si_class_type_info::__do_find_public_src(int, void const*, __cxxabiv1::__class_type_info const*, void const*) const
 .text._ZN10__cxxabiv120__si_class_type_infoD1Ev
                0x000000000000a6ec       0x20 C:\Marmalade\archives\android-ndk-r9d-windows-x86-zip\sources\cxx-stl\gnu-libstdc++\4.4.3\libs\mips\libgnustl_static.a(si_class_type_info.o)
                0x000000000000a6ec                __cxxabiv1::__si_class_type_info::~__si_class_type_info()
 .text._ZN10__cxxabiv120__si_class_type_infoD0Ev
                0x000000000000a70c       0x44 C:\Marmalade\archives\android-ndk-r9d-windows-x86-zip\sources\cxx-stl\gnu-libstdc++\4.4.3\libs\mips\libgnustl_static.a(si_class_type_info.o)
                0x000000000000a70c                __cxxabiv1::__si_class_type_info::~__si_class_type_info()
 .text._ZN10__cxxabiv120__si_class_type_infoD2Ev
                0x000000000000a750       0x20 C:\Marmalade\archives\android-ndk-r9d-windows-x86-zip\sources\cxx-stl\gnu-libstdc++\4.4.3\libs\mips\libgnustl_static.a(si_class_type_info.o)
                0x000000000000a750                __cxxabiv1::__si_class_type_info::~__si_class_type_info()
 .text          0x000000000000a770        0x0 C:\Marmalade\archives\android-ndk-r9d-windows-x86-zip\sources\cxx-stl\gnu-libstdc++\4.4.3\libs\mips\libgnustl_static.a(tinfo.o)
 .text._ZNSt9type_infoD2Ev
                0x000000000000a770        0x8 C:\Marmalade\archives\android-ndk-r9d-windows-x86-zip\sources\cxx-stl\gnu-libstdc++\4.4.3\libs\mips\libgnustl_static.a(tinfo.o)
                0x000000000000a770                std::type_info::~type_info()
 .text._ZNSt9type_infoD1Ev
                0x000000000000a778        0x8 C:\Marmalade\archives\android-ndk-r9d-windows-x86-zip\sources\cxx-stl\gnu-libstdc++\4.4.3\libs\mips\libgnustl_static.a(tinfo.o)
                0x000000000000a778                std::type_info::~type_info()
 .text._ZNKSt9type_info14__is_pointer_pEv
                0x000000000000a780        0x8 C:\Marmalade\archives\android-ndk-r9d-windows-x86-zip\sources\cxx-stl\gnu-libstdc++\4.4.3\libs\mips\libgnustl_static.a(tinfo.o)
                0x000000000000a780                std::type_info::__is_pointer_p() const
 .text._ZNKSt9type_info15__is_function_pEv
                0x000000000000a788        0x8 C:\Marmalade\archives\android-ndk-r9d-windows-x86-zip\sources\cxx-stl\gnu-libstdc++\4.4.3\libs\mips\libgnustl_static.a(tinfo.o)
                0x000000000000a788                std::type_info::__is_function_p() const
 .text._ZNKSt9type_info11__do_upcastEPKN10__cxxabiv117__class_type_infoEPPv
                0x000000000000a790        0x8 C:\Marmalade\archives\android-ndk-r9d-windows-x86-zip\sources\cxx-stl\gnu-libstdc++\4.4.3\libs\mips\libgnustl_static.a(tinfo.o)
                0x000000000000a790                std::type_info::__do_upcast(__cxxabiv1::__class_type_info const*, void**) const
 .text._ZNKSt9type_info10__do_catchEPKS_PPvj
                0x000000000000a798       0x6c C:\Marmalade\archives\android-ndk-r9d-windows-x86-zip\sources\cxx-stl\gnu-libstdc++\4.4.3\libs\mips\libgnustl_static.a(tinfo.o)
                0x000000000000a798                std::type_info::__do_catch(std::type_info const*, void**, unsigned int) const
 .text._ZNSt9type_infoD0Ev
                0x000000000000a804       0x18 C:\Marmalade\archives\android-ndk-r9d-windows-x86-zip\sources\cxx-stl\gnu-libstdc++\4.4.3\libs\mips\libgnustl_static.a(tinfo.o)
                0x000000000000a804                std::type_info::~type_info()
 *fill*         0x000000000000a81c        0x4 00000000
 .text          0x000000000000a820        0x0 C:\Marmalade\archives\android-ndk-r9d-windows-x86-zip\sources\cxx-stl\gnu-libstdc++\4.4.3\libs\mips\libgnustl_static.a(class_type_info.o)
 .text._ZNK10__cxxabiv117__class_type_info11__do_upcastEPKS0_PPv
                0x000000000000a820       0x74 C:\Marmalade\archives\android-ndk-r9d-windows-x86-zip\sources\cxx-stl\gnu-libstdc++\4.4.3\libs\mips\libgnustl_static.a(class_type_info.o)
                0x000000000000a820                __cxxabiv1::__class_type_info::__do_upcast(__cxxabiv1::__class_type_info const*, void**) const
 .text._ZNK10__cxxabiv117__class_type_info20__do_find_public_srcEiPKvPKS0_S2_
                0x000000000000a894       0x1c C:\Marmalade\archives\android-ndk-r9d-windows-x86-zip\sources\cxx-stl\gnu-libstdc++\4.4.3\libs\mips\libgnustl_static.a(class_type_info.o)
                0x000000000000a894                __cxxabiv1::__class_type_info::__do_find_public_src(int, void const*, __cxxabiv1::__class_type_info const*, void const*) const
 .text._ZNK10__cxxabiv117__class_type_info11__do_upcastEPKS0_PKvRNS0_15__upcast_resultE
                0x000000000000a8b0       0x80 C:\Marmalade\archives\android-ndk-r9d-windows-x86-zip\sources\cxx-stl\gnu-libstdc++\4.4.3\libs\mips\libgnustl_static.a(class_type_info.o)
                0x000000000000a8b0                __cxxabiv1::__class_type_info::__do_upcast(__cxxabiv1::__class_type_info const*, void const*, __cxxabiv1::__class_type_info::__upcast_result&) const
 .text._ZNK10__cxxabiv117__class_type_info12__do_dyncastEiNS0_10__sub_kindEPKS0_PKvS3_S5_RNS0_16__dyncast_resultE
                0x000000000000a930       0xd8 C:\Marmalade\archives\android-ndk-r9d-windows-x86-zip\sources\cxx-stl\gnu-libstdc++\4.4.3\libs\mips\libgnustl_static.a(class_type_info.o)
                0x000000000000a930                __cxxabiv1::__class_type_info::__do_dyncast(int, __cxxabiv1::__class_type_info::__sub_kind, __cxxabiv1::__class_type_info const*, void const*, __cxxabiv1::__class_type_info const*, void const*, __cxxabiv1::__class_type_info::__dyncast_result&) const
 .text._ZNK10__cxxabiv117__class_type_info10__do_catchEPKSt9type_infoPPvj
                0x000000000000aa08       0xb8 C:\Marmalade\archives\android-ndk-r9d-windows-x86-zip\sources\cxx-stl\gnu-libstdc++\4.4.3\libs\mips\libgnustl_static.a(class_type_info.o)
                0x000000000000aa08                __cxxabiv1::__class_type_info::__do_catch(std::type_info const*, void**, unsigned int) const
 .text._ZN10__cxxabiv117__class_type_infoD1Ev
                0x000000000000aac0       0x20 C:\Marmalade\archives\android-ndk-r9d-windows-x86-zip\sources\cxx-stl\gnu-libstdc++\4.4.3\libs\mips\libgnustl_static.a(class_type_info.o)
                0x000000000000aac0                __cxxabiv1::__class_type_info::~__class_type_info()
 .text._ZN10__cxxabiv117__class_type_infoD0Ev
                0x000000000000aae0       0x44 C:\Marmalade\archives\android-ndk-r9d-windows-x86-zip\sources\cxx-stl\gnu-libstdc++\4.4.3\libs\mips\libgnustl_static.a(class_type_info.o)
                0x000000000000aae0                __cxxabiv1::__class_type_info::~__class_type_info()
 .text._ZN10__cxxabiv117__class_type_infoD2Ev
                0x000000000000ab24       0x20 C:\Marmalade\archives\android-ndk-r9d-windows-x86-zip\sources\cxx-stl\gnu-libstdc++\4.4.3\libs\mips\libgnustl_static.a(class_type_info.o)
                0x000000000000ab24                __cxxabiv1::__class_type_info::~__class_type_info()
 *fill*         0x000000000000ab44        0xc 00000000
 .text          0x000000000000ab50        0x0 C:\Marmalade\archives\android-ndk-r9d-windows-x86-zip\sources\cxx-stl\gnu-libstdc++\4.4.3\libs\mips\libgnustl_static.a(eh_call.o)
 .text.__cxa_call_terminate
                0x000000000000ab50       0x84 C:\Marmalade\archives\android-ndk-r9d-windows-x86-zip\sources\cxx-stl\gnu-libstdc++\4.4.3\libs\mips\libgnustl_static.a(eh_call.o)
                0x000000000000ab50                __cxa_call_terminate
 *fill*         0x000000000000abd4        0xc 00000000
 .text          0x000000000000abe0        0x0 C:\Marmalade\archives\android-ndk-r9d-windows-x86-zip\sources\cxx-stl\gnu-libstdc++\4.4.3\libs\mips\libgnustl_static.a(eh_catch.o)
 .text.__cxa_get_exception_ptr
                0x000000000000abe0        0x8 C:\Marmalade\archives\android-ndk-r9d-windows-x86-zip\sources\cxx-stl\gnu-libstdc++\4.4.3\libs\mips\libgnustl_static.a(eh_catch.o)
                0x000000000000abe0                __cxa_get_exception_ptr
 .text._ZSt18uncaught_exceptionv
                0x000000000000abe8       0x38 C:\Marmalade\archives\android-ndk-r9d-windows-x86-zip\sources\cxx-stl\gnu-libstdc++\4.4.3\libs\mips\libgnustl_static.a(eh_catch.o)
                0x000000000000abe8                std::uncaught_exception()
 .text.__cxa_end_catch
                0x000000000000ac20       0xe4 C:\Marmalade\archives\android-ndk-r9d-windows-x86-zip\sources\cxx-stl\gnu-libstdc++\4.4.3\libs\mips\libgnustl_static.a(eh_catch.o)
                0x000000000000ac20                __cxa_end_catch
 .text.__cxa_begin_catch
                0x000000000000ad04       0xf8 C:\Marmalade\archives\android-ndk-r9d-windows-x86-zip\sources\cxx-stl\gnu-libstdc++\4.4.3\libs\mips\libgnustl_static.a(eh_catch.o)
                0x000000000000ad04                __cxa_begin_catch
 *fill*         0x000000000000adfc        0x4 00000000
 .text          0x000000000000ae00        0x0 C:\Marmalade\archives\android-ndk-r9d-windows-x86-zip\sources\cxx-stl\gnu-libstdc++\4.4.3\libs\mips\libgnustl_static.a(eh_term_handler.o)
 .text          0x000000000000ae00        0x0 C:\Marmalade\archives\android-ndk-r9d-windows-x86-zip\sources\cxx-stl\gnu-libstdc++\4.4.3\libs\mips\libgnustl_static.a(vterminate.o)
 .text._ZN9__gnu_cxx27__verbose_terminate_handlerEv
                0x000000000000ae00      0x278 C:\Marmalade\archives\android-ndk-r9d-windows-x86-zip\sources\cxx-stl\gnu-libstdc++\4.4.3\libs\mips\libgnustl_static.a(vterminate.o)
                0x000000000000ae00                __gnu_cxx::__verbose_terminate_handler()
 *fill*         0x000000000000b078        0x8 00000000
 .text          0x000000000000b080     0x68a0 C:\Marmalade\archives\android-ndk-r9d-windows-x86-zip\sources\cxx-stl\gnu-libstdc++\4.4.3\libs\mips\libgnustl_static.a(cp-demangle.o)
                0x0000000000011168                __gcclibcxx_demangle_callback
                0x00000000000111c0                __cxa_demangle
 .text          0x0000000000011920        0x0 C:\Marmalade\archives\android-ndk-r9d-windows-x86-zip\sources\cxx-stl\gnu-libstdc++\4.4.3\libs\mips\libgnustl_static.a(eh_type.o)
 .text.__cxa_current_exception_type
                0x0000000000011920       0x5c C:\Marmalade\archives\android-ndk-r9d-windows-x86-zip\sources\cxx-stl\gnu-libstdc++\4.4.3\libs\mips\libgnustl_static.a(eh_type.o)
                0x0000000000011920                __cxa_current_exception_type
 *fill*         0x000000000001197c        0x4 00000000
 .text          0x0000000000011980      0x4a0 c:/Marmalade/archives/android-ndk-r9d-windows-x86-zip/toolchains/mipsel-linux-android-4.4.3/prebuilt/windows/bin/../lib/gcc/mipsel-linux-android/4.4.3\libgcc.a(_moddi3.o)
                0x0000000000011980                __moddi3
 .text          0x0000000000011e20     0x37d0 c:/Marmalade/archives/android-ndk-r9d-windows-x86-zip/toolchains/mipsel-linux-android-4.4.3/prebuilt/windows/bin/../lib/gcc/mipsel-linux-android/4.4.3\libgcc.a(unwind-dw2.o)
                0x0000000000011e20                _Unwind_GetCFA
                0x0000000000011e28                _Unwind_GetIP
                0x0000000000011e30                _Unwind_GetIPInfo
                0x0000000000011e44                _Unwind_SetIP
                0x0000000000011e4c                _Unwind_GetLanguageSpecificData
                0x0000000000011e54                _Unwind_GetRegionStart
                0x0000000000011e5c                _Unwind_GetDataRelBase
                0x0000000000011e64                _Unwind_GetTextRelBase
                0x0000000000011e6c                _Unwind_DeleteException
                0x000000000001211c                _Unwind_SetGR
                0x00000000000121ac                _Unwind_GetGR
                0x0000000000013404                _Unwind_FindEnclosingFunction
                0x0000000000014924                _Unwind_Backtrace
                0x0000000000014ce0                __frame_state_for
                0x0000000000014fa8                _Unwind_Resume
                0x0000000000015110                _Unwind_ForcedUnwind
                0x0000000000015270                _Unwind_RaiseException
                0x000000000001547c                _Unwind_Resume_or_Rethrow
 .text          0x00000000000155f0     0x2020 c:/Marmalade/archives/android-ndk-r9d-windows-x86-zip/toolchains/mipsel-linux-android-4.4.3/prebuilt/windows/bin/../lib/gcc/mipsel-linux-android/4.4.3\libgcc.a(unwind-dw2-fde-glibc.o)
                0x000000000001704c                _Unwind_Find_FDE
                0x0000000000017290                __deregister_frame_info_bases
                0x00000000000173a4                __deregister_frame_info
                0x00000000000173bc                __deregister_frame
                0x000000000001740c                __register_frame_info_table_bases
                0x0000000000017488                __register_frame_info_table
                0x00000000000174a4                __register_frame_table
                0x00000000000174f0                __register_frame_info_bases
                0x000000000001758c                __register_frame_info
                0x00000000000175a8                __register_frame
 .text          0x0000000000017610        0x0 c:/Marmalade/archives/android-ndk-r9d-windows-x86-zip/platforms/android-9/arch-mips/usr/lib/crtend_so.o
 *(.gnu.warning)
 *(.mips16.fn.*)
 *(.mips16.call.*)

.MIPS.stubs     0x0000000000017610      0x310
 .MIPS.stubs    0x0000000000017610      0x310 c:/Marmalade/archives/android-ndk-r9d-windows-x86-zip/platforms/android-9/arch-mips/usr/lib/crtbegin_so.o
                0x0000000000017610                strcpy
                0x0000000000017620                pthread_getspecific
                0x0000000000017630                s3eDebugErrorShow
                0x0000000000017640                snprintf
                0x0000000000017650                s3eEdkCallbacksUnRegister
                0x0000000000017660                s3eTimerGetUTC
                0x0000000000017670                s3eEdkCallbacksEnqueue
                0x0000000000017680                pthread_key_delete
                0x0000000000017690                s3eEdkLibraryGetSymbol
                0x00000000000176a0                memcpy
                0x00000000000176b0                __cxa_finalize
                0x00000000000176c0                malloc
                0x00000000000176d0                vsnprintf
                0x00000000000176e0                abort
                0x00000000000176f0                s3eDebugAssertShow
                0x0000000000017700                write
                0x0000000000017710                dl_iterate_phdr
                0x0000000000017720                pthread_once
                0x0000000000017730                s3eDebugSetInt
                0x0000000000017740                pthread_key_create
                0x0000000000017750                strncmp
                0x0000000000017760                strncpy
                0x0000000000017770                realloc
                0x0000000000017780                __cxa_atexit
                0x0000000000017790                s3eEdkThreadRunOnOSAsyncV
                0x00000000000177a0                memcmp
                0x00000000000177b0                strncat
                0x00000000000177c0                s3eEdkCallbacksRegister
                0x00000000000177d0                localtime
                0x00000000000177e0                memset
                0x00000000000177f0                s3eConfigGetInt
                0x0000000000017800                time
                0x0000000000017810                strcmp
                0x0000000000017820                pthread_mutex_unlock
                0x0000000000017830                sprintf
                0x0000000000017840                s3eEdkJNIGetVM
                0x0000000000017850                fputc
                0x0000000000017860                strftime
                0x0000000000017870                fwrite
                0x0000000000017880                s3eEdkThreadRunOnOSV
                0x0000000000017890                pthread_mutex_lock
                0x00000000000178a0                s3eDebugTraceLine
                0x00000000000178b0                strlen
                0x00000000000178c0                fputs
                0x00000000000178d0                s3eEdkErrorSetStringV
                0x00000000000178e0                s3eDebugIsDebuggerPresent
                0x00000000000178f0                pthread_setspecific
                0x0000000000017900                free

.fini
 *(.fini)
                0x0000000000017920                PROVIDE (__etext, .)
                0x0000000000017920                PROVIDE (_etext, .)
                0x0000000000017920                PROVIDE (etext, .)

.rodata         0x0000000000017920     0x1d80
 *(.rodata .rodata.* .gnu.linkonce.r.*)
 .rodata        0x0000000000017920      0x6b0 debug\s3eAndroidGooglePlayBilling_platform.os
 .rodata        0x0000000000017fd0      0x260 debug\s3eAndroidGooglePlayBilling_register.os
 .rodata.str1.4
                0x0000000000018230      0x118 D:\JenkinsWS\workspace\ReleaseWin32FullBinaries\sdk\s3e\edk\lib\android\mips\libedk.a(IwDebug.o)
                                        0x120 (size before relaxing)
 .rodata.str1.4
                0x0000000000018348       0x4a C:\Marmalade\archives\android-ndk-r9d-windows-x86-zip\sources\cxx-stl\gnu-libstdc++\4.4.3\libs\mips\libgnustl_static.a(eh_alloc.o)
                                         0x4c (size before relaxing)
 *fill*         0x0000000000018392        0x2 00
 .rodata._ZTSN9__gnu_cxx24__concurrence_lock_errorE
                0x0000000000018394       0x28 C:\Marmalade\archives\android-ndk-r9d-windows-x86-zip\sources\cxx-stl\gnu-libstdc++\4.4.3\libs\mips\libgnustl_static.a(eh_alloc.o)
                0x0000000000018394                typeinfo name for __gnu_cxx::__concurrence_lock_error
 .rodata._ZTSN9__gnu_cxx26__concurrence_unlock_errorE
                0x00000000000183bc       0x2c C:\Marmalade\archives\android-ndk-r9d-windows-x86-zip\sources\cxx-stl\gnu-libstdc++\4.4.3\libs\mips\libgnustl_static.a(eh_alloc.o)
                0x00000000000183bc                typeinfo name for __gnu_cxx::__concurrence_unlock_error
 .rodata.str1.4
                0x00000000000183e8       0x23 C:\Marmalade\archives\android-ndk-r9d-windows-x86-zip\sources\cxx-stl\gnu-libstdc++\4.4.3\libs\mips\libgnustl_static.a(eh_exception.o)
                                         0x24 (size before relaxing)
 *fill*         0x000000000001840b        0x1 00
 .rodata._ZTSN10__cxxabiv119__foreign_exceptionE
                0x000000000001840c       0x24 C:\Marmalade\archives\android-ndk-r9d-windows-x86-zip\sources\cxx-stl\gnu-libstdc++\4.4.3\libs\mips\libgnustl_static.a(eh_exception.o)
                0x000000000001840c                typeinfo name for __cxxabiv1::__foreign_exception
 .rodata._ZTSN10__cxxabiv115__forced_unwindE
                0x0000000000018430       0x20 C:\Marmalade\archives\android-ndk-r9d-windows-x86-zip\sources\cxx-stl\gnu-libstdc++\4.4.3\libs\mips\libgnustl_static.a(eh_exception.o)
                0x0000000000018430                typeinfo name for __cxxabiv1::__forced_unwind
 .rodata._ZTSSt13bad_exception
                0x0000000000018450       0x14 C:\Marmalade\archives\android-ndk-r9d-windows-x86-zip\sources\cxx-stl\gnu-libstdc++\4.4.3\libs\mips\libgnustl_static.a(eh_exception.o)
                0x0000000000018450                typeinfo name for std::bad_exception
 .rodata._ZTSSt9exception
                0x0000000000018464       0x10 C:\Marmalade\archives\android-ndk-r9d-windows-x86-zip\sources\cxx-stl\gnu-libstdc++\4.4.3\libs\mips\libgnustl_static.a(eh_exception.o)
                0x0000000000018464                typeinfo name for std::exception
 .rodata._ZL20check_exception_specP16lsda_header_infoPKSt9type_infoPvl
                0x0000000000018474       0x34 C:\Marmalade\archives\android-ndk-r9d-windows-x86-zip\sources\cxx-stl\gnu-libstdc++\4.4.3\libs\mips\libgnustl_static.a(eh_personality.o)
 .rodata._ZL17parse_lsda_headerP15_Unwind_ContextPKhP16lsda_header_info
                0x00000000000184a8       0x34 C:\Marmalade\archives\android-ndk-r9d-windows-x86-zip\sources\cxx-stl\gnu-libstdc++\4.4.3\libs\mips\libgnustl_static.a(eh_personality.o)
 .rodata.__gxx_personality_v0
                0x00000000000184dc       0xd0 C:\Marmalade\archives\android-ndk-r9d-windows-x86-zip\sources\cxx-stl\gnu-libstdc++\4.4.3\libs\mips\libgnustl_static.a(eh_personality.o)
 .rodata.str1.4
                0x00000000000185ac        0xf C:\Marmalade\archives\android-ndk-r9d-windows-x86-zip\sources\cxx-stl\gnu-libstdc++\4.4.3\libs\mips\libgnustl_static.a(new_handler.o)
                                         0x10 (size before relaxing)
 *fill*         0x00000000000185bb        0x1 00
 .rodata._ZSt7nothrow
                0x00000000000185bc        0x4 C:\Marmalade\archives\android-ndk-r9d-windows-x86-zip\sources\cxx-stl\gnu-libstdc++\4.4.3\libs\mips\libgnustl_static.a(new_handler.o)
                0x00000000000185bc                std::nothrow
 .rodata._ZTSSt9bad_alloc
                0x00000000000185c0       0x10 C:\Marmalade\archives\android-ndk-r9d-windows-x86-zip\sources\cxx-stl\gnu-libstdc++\4.4.3\libs\mips\libgnustl_static.a(new_handler.o)
                0x00000000000185c0                typeinfo name for std::bad_alloc
 .rodata.str1.4
                0x00000000000185d0       0x1c C:\Marmalade\archives\android-ndk-r9d-windows-x86-zip\sources\cxx-stl\gnu-libstdc++\4.4.3\libs\mips\libgnustl_static.a(pure.o)
 .rodata._ZTSN10__cxxabiv120__si_class_type_infoE
                0x00000000000185ec       0x28 C:\Marmalade\archives\android-ndk-r9d-windows-x86-zip\sources\cxx-stl\gnu-libstdc++\4.4.3\libs\mips\libgnustl_static.a(si_class_type_info.o)
                0x00000000000185ec                typeinfo name for __cxxabiv1::__si_class_type_info
 .rodata._ZTSSt9type_info
                0x0000000000018614       0x10 C:\Marmalade\archives\android-ndk-r9d-windows-x86-zip\sources\cxx-stl\gnu-libstdc++\4.4.3\libs\mips\libgnustl_static.a(tinfo.o)
                0x0000000000018614                typeinfo name for std::type_info
 .rodata._ZTSN10__cxxabiv117__class_type_infoE
                0x0000000000018624       0x24 C:\Marmalade\archives\android-ndk-r9d-windows-x86-zip\sources\cxx-stl\gnu-libstdc++\4.4.3\libs\mips\libgnustl_static.a(class_type_info.o)
                0x0000000000018624                typeinfo name for __cxxabiv1::__class_type_info
 .rodata.str1.4
                0x0000000000018648       0x92 C:\Marmalade\archives\android-ndk-r9d-windows-x86-zip\sources\cxx-stl\gnu-libstdc++\4.4.3\libs\mips\libgnustl_static.a(vterminate.o)
                                         0x94 (size before relaxing)
 *fill*         0x00000000000186da        0x6 00
 .rodata        0x00000000000186e0      0x780 C:\Marmalade\archives\android-ndk-r9d-windows-x86-zip\sources\cxx-stl\gnu-libstdc++\4.4.3\libs\mips\libgnustl_static.a(cp-demangle.o)
 .rodata.str1.4
                0x0000000000018e60      0x69c C:\Marmalade\archives\android-ndk-r9d-windows-x86-zip\sources\cxx-stl\gnu-libstdc++\4.4.3\libs\mips\libgnustl_static.a(cp-demangle.o)
                                        0x6d0 (size before relaxing)
 *fill*         0x00000000000194fc        0x4 00
 .rodata        0x0000000000019500      0x160 c:/Marmalade/archives/android-ndk-r9d-windows-x86-zip/toolchains/mipsel-linux-android-4.4.3/prebuilt/windows/bin/../lib/gcc/mipsel-linux-android/4.4.3\libgcc.a(unwind-dw2.o)
 .rodata        0x0000000000019660       0x40 c:/Marmalade/archives/android-ndk-r9d-windows-x86-zip/toolchains/mipsel-linux-android-4.4.3/prebuilt/windows/bin/../lib/gcc/mipsel-linux-android/4.4.3\libgcc.a(unwind-dw2-fde-glibc.o)

.rodata1
 *(.rodata1)

.eh_frame_hdr   0x00000000000196a0      0x37c
 *(.eh_frame_hdr)
 .eh_frame_hdr  0x00000000000196a0      0x37c C:\Marmalade\archives\android-ndk-r9d-windows-x86-zip\sources\cxx-stl\gnu-libstdc++\4.4.3\libs\mips\libgnustl_static.a(new_op.o)

.eh_frame
 *(.eh_frame)

.gcc_except_table
 *(.gcc_except_table .gcc_except_table.*)
                0x0000000000020000                . = ALIGN (0x10000)
                0x00000000000203fc                . = DATA_SEGMENT_ALIGN (0x10000, 0x1000)

.eh_frame       0x00000000000203fc     0x1078
 *(.eh_frame)
 .eh_frame      0x00000000000203fc       0x40 C:\Marmalade\archives\android-ndk-r9d-windows-x86-zip\sources\cxx-stl\gnu-libstdc++\4.4.3\libs\mips\libgnustl_static.a(new_op.o)
 .eh_frame      0x000000000002043c       0x1c C:\Marmalade\archives\android-ndk-r9d-windows-x86-zip\sources\cxx-stl\gnu-libstdc++\4.4.3\libs\mips\libgnustl_static.a(new_opv.o)
                                         0x38 (size before relaxing)
 .eh_frame      0x0000000000020458       0xa8 C:\Marmalade\archives\android-ndk-r9d-windows-x86-zip\sources\cxx-stl\gnu-libstdc++\4.4.3\libs\mips\libgnustl_static.a(eh_alloc.o)
                                         0xc4 (size before relaxing)
 .eh_frame      0x0000000000020500       0xa4 C:\Marmalade\archives\android-ndk-r9d-windows-x86-zip\sources\cxx-stl\gnu-libstdc++\4.4.3\libs\mips\libgnustl_static.a(eh_globals.o)
                                         0xc0 (size before relaxing)
 .eh_frame      0x00000000000205a4       0xe0 C:\Marmalade\archives\android-ndk-r9d-windows-x86-zip\sources\cxx-stl\gnu-libstdc++\4.4.3\libs\mips\libgnustl_static.a(eh_personality.o)
                                         0xfc (size before relaxing)
 .eh_frame      0x0000000000020684       0x90 C:\Marmalade\archives\android-ndk-r9d-windows-x86-zip\sources\cxx-stl\gnu-libstdc++\4.4.3\libs\mips\libgnustl_static.a(eh_terminate.o)
                                         0xac (size before relaxing)
 .eh_frame      0x0000000000020714       0x88 C:\Marmalade\archives\android-ndk-r9d-windows-x86-zip\sources\cxx-stl\gnu-libstdc++\4.4.3\libs\mips\libgnustl_static.a(eh_throw.o)
                                         0x84 (size before relaxing)
 .eh_frame      0x000000000002079c       0x18 C:\Marmalade\archives\android-ndk-r9d-windows-x86-zip\sources\cxx-stl\gnu-libstdc++\4.4.3\libs\mips\libgnustl_static.a(pure.o)
                                         0x30 (size before relaxing)
 .eh_frame      0x00000000000207b4       0xbc C:\Marmalade\archives\android-ndk-r9d-windows-x86-zip\sources\cxx-stl\gnu-libstdc++\4.4.3\libs\mips\libgnustl_static.a(si_class_type_info.o)
                                         0xd4 (size before relaxing)
 .eh_frame      0x0000000000020870       0xd0 C:\Marmalade\archives\android-ndk-r9d-windows-x86-zip\sources\cxx-stl\gnu-libstdc++\4.4.3\libs\mips\libgnustl_static.a(class_type_info.o)
                                         0xe8 (size before relaxing)
 .eh_frame      0x0000000000020940       0x1c C:\Marmalade\archives\android-ndk-r9d-windows-x86-zip\sources\cxx-stl\gnu-libstdc++\4.4.3\libs\mips\libgnustl_static.a(eh_call.o)
                                         0x34 (size before relaxing)
 .eh_frame      0x000000000002095c       0x38 C:\Marmalade\archives\android-ndk-r9d-windows-x86-zip\sources\cxx-stl\gnu-libstdc++\4.4.3\libs\mips\libgnustl_static.a(eh_catch.o)
                                         0x54 (size before relaxing)
 .eh_frame      0x0000000000020994       0x28 C:\Marmalade\archives\android-ndk-r9d-windows-x86-zip\sources\cxx-stl\gnu-libstdc++\4.4.3\libs\mips\libgnustl_static.a(vterminate.o)
                                         0x44 (size before relaxing)
 .eh_frame      0x00000000000209bc      0x3e8 C:\Marmalade\archives\android-ndk-r9d-windows-x86-zip\sources\cxx-stl\gnu-libstdc++\4.4.3\libs\mips\libgnustl_static.a(cp-demangle.o)
                                        0x3cc (size before relaxing)
 .eh_frame      0x0000000000020da4       0x18 C:\Marmalade\archives\android-ndk-r9d-windows-x86-zip\sources\cxx-stl\gnu-libstdc++\4.4.3\libs\mips\libgnustl_static.a(eh_type.o)
                                         0x30 (size before relaxing)
 .eh_frame      0x0000000000020dbc       0x14 c:/Marmalade/archives/android-ndk-r9d-windows-x86-zip/toolchains/mipsel-linux-android-4.4.3/prebuilt/windows/bin/../lib/gcc/mipsel-linux-android/4.4.3\libgcc.a(_moddi3.o)
                                         0x24 (size before relaxing)
 .eh_frame      0x0000000000020dd0      0x4f8 c:/Marmalade/archives/android-ndk-r9d-windows-x86-zip/toolchains/mipsel-linux-android-4.4.3/prebuilt/windows/bin/../lib/gcc/mipsel-linux-android/4.4.3\libgcc.a(unwind-dw2.o)
                                        0x4c8 (size before relaxing)
 .eh_frame      0x00000000000212c8      0x1ac c:/Marmalade/archives/android-ndk-r9d-windows-x86-zip/toolchains/mipsel-linux-android-4.4.3/prebuilt/windows/bin/../lib/gcc/mipsel-linux-android/4.4.3\libgcc.a(unwind-dw2-fde-glibc.o)
                                        0x1a8 (size before relaxing)

.gcc_except_table
                0x0000000000021474      0x1f0
 *(.gcc_except_table .gcc_except_table.*)
 .gcc_except_table._Znwj
                0x0000000000021474       0x1c C:\Marmalade\archives\android-ndk-r9d-windows-x86-zip\sources\cxx-stl\gnu-libstdc++\4.4.3\libs\mips\libgnustl_static.a(new_op.o)
 .gcc_except_table._Znaj
                0x0000000000021490       0x18 C:\Marmalade\archives\android-ndk-r9d-windows-x86-zip\sources\cxx-stl\gnu-libstdc++\4.4.3\libs\mips\libgnustl_static.a(new_opv.o)
 .gcc_except_table._ZN9__gnu_cxx13__scoped_lockD1Ev
                0x00000000000214a8       0x14 C:\Marmalade\archives\android-ndk-r9d-windows-x86-zip\sources\cxx-stl\gnu-libstdc++\4.4.3\libs\mips\libgnustl_static.a(eh_alloc.o)
 .gcc_except_table.__cxa_free_dependent_exception
                0x00000000000214bc       0x34 C:\Marmalade\archives\android-ndk-r9d-windows-x86-zip\sources\cxx-stl\gnu-libstdc++\4.4.3\libs\mips\libgnustl_static.a(eh_alloc.o)
 .gcc_except_table.__cxa_free_exception
                0x00000000000214f0       0x34 C:\Marmalade\archives\android-ndk-r9d-windows-x86-zip\sources\cxx-stl\gnu-libstdc++\4.4.3\libs\mips\libgnustl_static.a(eh_alloc.o)
 .gcc_except_table.__cxa_allocate_dependent_exception
                0x0000000000021524       0x34 C:\Marmalade\archives\android-ndk-r9d-windows-x86-zip\sources\cxx-stl\gnu-libstdc++\4.4.3\libs\mips\libgnustl_static.a(eh_alloc.o)
 .gcc_except_table.__cxa_allocate_exception
                0x0000000000021558       0x34 C:\Marmalade\archives\android-ndk-r9d-windows-x86-zip\sources\cxx-stl\gnu-libstdc++\4.4.3\libs\mips\libgnustl_static.a(eh_alloc.o)
 .gcc_except_table.__cxa_get_globals_fast
                0x000000000002158c       0x14 C:\Marmalade\archives\android-ndk-r9d-windows-x86-zip\sources\cxx-stl\gnu-libstdc++\4.4.3\libs\mips\libgnustl_static.a(eh_globals.o)
 .gcc_except_table.__cxa_get_globals
                0x00000000000215a0       0x18 C:\Marmalade\archives\android-ndk-r9d-windows-x86-zip\sources\cxx-stl\gnu-libstdc++\4.4.3\libs\mips\libgnustl_static.a(eh_globals.o)
 .gcc_except_table.__cxa_call_unexpected
                0x00000000000215b8       0x24 C:\Marmalade\archives\android-ndk-r9d-windows-x86-zip\sources\cxx-stl\gnu-libstdc++\4.4.3\libs\mips\libgnustl_static.a(eh_personality.o)
 .gcc_except_table.__gxx_personality_v0
                0x00000000000215dc       0x24 C:\Marmalade\archives\android-ndk-r9d-windows-x86-zip\sources\cxx-stl\gnu-libstdc++\4.4.3\libs\mips\libgnustl_static.a(eh_personality.o)
 .gcc_except_table._ZN10__cxxabiv111__terminateEPFvvE
                0x0000000000021600       0x18 C:\Marmalade\archives\android-ndk-r9d-windows-x86-zip\sources\cxx-stl\gnu-libstdc++\4.4.3\libs\mips\libgnustl_static.a(eh_terminate.o)
 .gcc_except_table.__cxa_begin_catch
                0x0000000000021618       0x18 C:\Marmalade\archives\android-ndk-r9d-windows-x86-zip\sources\cxx-stl\gnu-libstdc++\4.4.3\libs\mips\libgnustl_static.a(eh_catch.o)
 .gcc_except_table._ZN9__gnu_cxx27__verbose_terminate_handlerEv
                0x0000000000021630       0x34 C:\Marmalade\archives\android-ndk-r9d-windows-x86-zip\sources\cxx-stl\gnu-libstdc++\4.4.3\libs\mips\libgnustl_static.a(vterminate.o)

.tdata
 *(.tdata .tdata.* .gnu.linkonce.td.*)

.tbss
 *(.tbss .tbss.* .gnu.linkonce.tb.*)
 *(.tcommon)
                0x0000000000021664                . = ALIGN (0x4)

.preinit_array
 *(.preinit_array)

.init_array     0x0000000000021664       0x10
 *crtbegin*.o(.init_array)
 *(SORT(.init_array.*))
 *(.init_array)
 .init_array    0x0000000000021664        0x4 D:\JenkinsWS\workspace\ReleaseWin32FullBinaries\sdk\s3e\edk\lib\android\mips\libedk.a(IwDebug.o)
 .init_array    0x0000000000021668        0x4 C:\Marmalade\archives\android-ndk-r9d-windows-x86-zip\sources\cxx-stl\gnu-libstdc++\4.4.3\libs\mips\libgnustl_static.a(eh_alloc.o)
 .init_array    0x000000000002166c        0x4 C:\Marmalade\archives\android-ndk-r9d-windows-x86-zip\sources\cxx-stl\gnu-libstdc++\4.4.3\libs\mips\libgnustl_static.a(eh_globals.o)
 .init_array    0x0000000000021670        0x4 c:/Marmalade/archives/android-ndk-r9d-windows-x86-zip/platforms/android-9/arch-mips/usr/lib/crtend_so.o

.fini_array     0x0000000000021674        0x8
 *crtbegin*.o(.fini_array)
 .fini_array    0x0000000000021674        0x4 c:/Marmalade/archives/android-ndk-r9d-windows-x86-zip/platforms/android-9/arch-mips/usr/lib/crtbegin_so.o
 *(SORT(.fini_array.*))
 *(.fini_array)
 .fini_array    0x0000000000021678        0x4 c:/Marmalade/archives/android-ndk-r9d-windows-x86-zip/platforms/android-9/arch-mips/usr/lib/crtend_so.o

.ctors
 *crtbegin.o(.ctors)
 *crtbegin*.o(.ctors)
 *(EXCLUDE_FILE(*crtend*.o *crtend.o) .ctors)
 *(SORT(.ctors.*))
 *(.ctors)

.dtors
 *crtbegin.o(.dtors)
 *crtbegin*.o(.dtors)
 *(EXCLUDE_FILE(*crtend*.o *crtend.o) .dtors)
 *(SORT(.dtors.*))
 *(.dtors)

.jcr
 *(.jcr)

.data.rel.ro    0x0000000000021680      0x864
 *(.data.rel.ro.local* .gnu.linkonce.d.rel.ro.local.*)
 .data.rel.ro.local
                0x0000000000021680      0x694 C:\Marmalade\archives\android-ndk-r9d-windows-x86-zip\sources\cxx-stl\gnu-libstdc++\4.4.3\libs\mips\libgnustl_static.a(cp-demangle.o)
 *(.data.rel.ro* .gnu.linkonce.d.rel.ro.*)
 .data.rel.ro   0x0000000000021d14       0x30 debug\s3eAndroidGooglePlayBilling_platform.os
 .data.rel.ro._ZTIN9__gnu_cxx24__concurrence_lock_errorE
                0x0000000000021d44        0xc C:\Marmalade\archives\android-ndk-r9d-windows-x86-zip\sources\cxx-stl\gnu-libstdc++\4.4.3\libs\mips\libgnustl_static.a(eh_alloc.o)
                0x0000000000021d44                typeinfo for __gnu_cxx::__concurrence_lock_error
 .data.rel.ro._ZTVN9__gnu_cxx24__concurrence_lock_errorE
                0x0000000000021d50       0x18 C:\Marmalade\archives\android-ndk-r9d-windows-x86-zip\sources\cxx-stl\gnu-libstdc++\4.4.3\libs\mips\libgnustl_static.a(eh_alloc.o)
                0x0000000000021d50                vtable for __gnu_cxx::__concurrence_lock_error
 .data.rel.ro._ZTIN9__gnu_cxx26__concurrence_unlock_errorE
                0x0000000000021d68        0xc C:\Marmalade\archives\android-ndk-r9d-windows-x86-zip\sources\cxx-stl\gnu-libstdc++\4.4.3\libs\mips\libgnustl_static.a(eh_alloc.o)
                0x0000000000021d68                typeinfo for __gnu_cxx::__concurrence_unlock_error
 *fill*         0x0000000000021d74        0x4 00
 .data.rel.ro._ZTVN9__gnu_cxx26__concurrence_unlock_errorE
                0x0000000000021d78       0x18 C:\Marmalade\archives\android-ndk-r9d-windows-x86-zip\sources\cxx-stl\gnu-libstdc++\4.4.3\libs\mips\libgnustl_static.a(eh_alloc.o)
                0x0000000000021d78                vtable for __gnu_cxx::__concurrence_unlock_error
 .data.rel.ro._ZTVN10__cxxabiv119__foreign_exceptionE
                0x0000000000021d90       0x18 C:\Marmalade\archives\android-ndk-r9d-windows-x86-zip\sources\cxx-stl\gnu-libstdc++\4.4.3\libs\mips\libgnustl_static.a(eh_exception.o)
                0x0000000000021d90                vtable for __cxxabiv1::__foreign_exception
 .data.rel.ro._ZTVN10__cxxabiv115__forced_unwindE
                0x0000000000021da8       0x18 C:\Marmalade\archives\android-ndk-r9d-windows-x86-zip\sources\cxx-stl\gnu-libstdc++\4.4.3\libs\mips\libgnustl_static.a(eh_exception.o)
                0x0000000000021da8                vtable for __cxxabiv1::__forced_unwind
 .data.rel.ro._ZTVSt13bad_exception
                0x0000000000021dc0       0x18 C:\Marmalade\archives\android-ndk-r9d-windows-x86-zip\sources\cxx-stl\gnu-libstdc++\4.4.3\libs\mips\libgnustl_static.a(eh_exception.o)
                0x0000000000021dc0                vtable for std::bad_exception
 .data.rel.ro._ZTVSt9exception
                0x0000000000021dd8       0x18 C:\Marmalade\archives\android-ndk-r9d-windows-x86-zip\sources\cxx-stl\gnu-libstdc++\4.4.3\libs\mips\libgnustl_static.a(eh_exception.o)
                0x0000000000021dd8                vtable for std::exception
 .data.rel.ro._ZTIN10__cxxabiv119__foreign_exceptionE
                0x0000000000021df0        0x8 C:\Marmalade\archives\android-ndk-r9d-windows-x86-zip\sources\cxx-stl\gnu-libstdc++\4.4.3\libs\mips\libgnustl_static.a(eh_exception.o)
                0x0000000000021df0                typeinfo for __cxxabiv1::__foreign_exception
 .data.rel.ro._ZTIN10__cxxabiv115__forced_unwindE
                0x0000000000021df8        0x8 C:\Marmalade\archives\android-ndk-r9d-windows-x86-zip\sources\cxx-stl\gnu-libstdc++\4.4.3\libs\mips\libgnustl_static.a(eh_exception.o)
                0x0000000000021df8                typeinfo for __cxxabiv1::__forced_unwind
 .data.rel.ro._ZTISt13bad_exception
                0x0000000000021e00        0xc C:\Marmalade\archives\android-ndk-r9d-windows-x86-zip\sources\cxx-stl\gnu-libstdc++\4.4.3\libs\mips\libgnustl_static.a(eh_exception.o)
                0x0000000000021e00                typeinfo for std::bad_exception
 .data.rel.ro._ZTISt9exception
                0x0000000000021e0c        0x8 C:\Marmalade\archives\android-ndk-r9d-windows-x86-zip\sources\cxx-stl\gnu-libstdc++\4.4.3\libs\mips\libgnustl_static.a(eh_exception.o)
                0x0000000000021e0c                typeinfo for std::exception
 *fill*         0x0000000000021e14        0x4 00
 .data.rel.ro._ZTVSt9bad_alloc
                0x0000000000021e18       0x18 C:\Marmalade\archives\android-ndk-r9d-windows-x86-zip\sources\cxx-stl\gnu-libstdc++\4.4.3\libs\mips\libgnustl_static.a(new_handler.o)
                0x0000000000021e18                vtable for std::bad_alloc
 .data.rel.ro._ZTISt9bad_alloc
                0x0000000000021e30        0xc C:\Marmalade\archives\android-ndk-r9d-windows-x86-zip\sources\cxx-stl\gnu-libstdc++\4.4.3\libs\mips\libgnustl_static.a(new_handler.o)
                0x0000000000021e30                typeinfo for std::bad_alloc
 *fill*         0x0000000000021e3c        0x4 00
 .data.rel.ro._ZTVN10__cxxabiv120__si_class_type_infoE
                0x0000000000021e40       0x30 C:\Marmalade\archives\android-ndk-r9d-windows-x86-zip\sources\cxx-stl\gnu-libstdc++\4.4.3\libs\mips\libgnustl_static.a(si_class_type_info.o)
                0x0000000000021e40                vtable for __cxxabiv1::__si_class_type_info
 .data.rel.ro._ZTIN10__cxxabiv120__si_class_type_infoE
                0x0000000000021e70        0xc C:\Marmalade\archives\android-ndk-r9d-windows-x86-zip\sources\cxx-stl\gnu-libstdc++\4.4.3\libs\mips\libgnustl_static.a(si_class_type_info.o)
                0x0000000000021e70                typeinfo for __cxxabiv1::__si_class_type_info
 *fill*         0x0000000000021e7c        0x4 00
 .data.rel.ro._ZTVSt9type_info
                0x0000000000021e80       0x20 C:\Marmalade\archives\android-ndk-r9d-windows-x86-zip\sources\cxx-stl\gnu-libstdc++\4.4.3\libs\mips\libgnustl_static.a(tinfo.o)
                0x0000000000021e80                vtable for std::type_info
 .data.rel.ro._ZTISt9type_info
                0x0000000000021ea0        0x8 C:\Marmalade\archives\android-ndk-r9d-windows-x86-zip\sources\cxx-stl\gnu-libstdc++\4.4.3\libs\mips\libgnustl_static.a(tinfo.o)
                0x0000000000021ea0                typeinfo for std::type_info
 .data.rel.ro._ZTVN10__cxxabiv117__class_type_infoE
                0x0000000000021ea8       0x30 C:\Marmalade\archives\android-ndk-r9d-windows-x86-zip\sources\cxx-stl\gnu-libstdc++\4.4.3\libs\mips\libgnustl_static.a(class_type_info.o)
                0x0000000000021ea8                vtable for __cxxabiv1::__class_type_info
 .data.rel.ro._ZTIN10__cxxabiv117__class_type_infoE
                0x0000000000021ed8        0xc C:\Marmalade\archives\android-ndk-r9d-windows-x86-zip\sources\cxx-stl\gnu-libstdc++\4.4.3\libs\mips\libgnustl_static.a(class_type_info.o)
                0x0000000000021ed8                typeinfo for __cxxabiv1::__class_type_info

.got.plt        0x0000000000021ee4        0x0
 *(.got.plt)
 .got.plt       0x0000000000000000        0x0 c:/Marmalade/archives/android-ndk-r9d-windows-x86-zip/platforms/android-9/arch-mips/usr/lib/crtbegin_so.o

.dynamic        0x0000000000021ee4      0x118
 *(.dynamic)
 .dynamic       0x0000000000021ee4      0x118 c:/Marmalade/archives/android-ndk-r9d-windows-x86-zip/platforms/android-9/arch-mips/usr/lib/crtbegin_so.o
                0x0000000000021ee4                _DYNAMIC
                0x0000000000022000                . = DATA_SEGMENT_RELRO_END (., 0x0)

.data           0x0000000000022000       0x40
                0x0000000000022000                _fdata = .
 *(.data .data.* .gnu.linkonce.d.*)
 .data          0x0000000000022000       0x10 c:/Marmalade/archives/android-ndk-r9d-windows-x86-zip/platforms/android-9/arch-mips/usr/lib/crtbegin_so.o
                0x0000000000022000                __dso_handle
 .data          0x0000000000022010        0x0 debug\s3eAndroidGooglePlayBilling_platform.os
 .data          0x0000000000022010        0x0 debug\s3eAndroidGooglePlayBilling.os
 .data          0x0000000000022010        0x0 debug\s3eAndroidGooglePlayBilling_register.os
 .data          0x0000000000022010        0x0 D:\JenkinsWS\workspace\ReleaseWin32FullBinaries\sdk\s3e\edk\lib\android\mips\libedk.a(IwDebug.o)
 .data          0x0000000000022010        0x0 D:\JenkinsWS\workspace\ReleaseWin32FullBinaries\sdk\s3e\edk\lib\android\mips\libedk.a(edk_helpers.o)
 .data          0x0000000000022010        0x0 C:\Marmalade\archives\android-ndk-r9d-windows-x86-zip\sources\cxx-stl\gnu-libstdc++\4.4.3\libs\mips\libgnustl_static.a(del_op.o)
 .data          0x0000000000022010        0x0 C:\Marmalade\archives\android-ndk-r9d-windows-x86-zip\sources\cxx-stl\gnu-libstdc++\4.4.3\libs\mips\libgnustl_static.a(del_opv.o)
 .data          0x0000000000022010        0x0 C:\Marmalade\archives\android-ndk-r9d-windows-x86-zip\sources\cxx-stl\gnu-libstdc++\4.4.3\libs\mips\libgnustl_static.a(new_op.o)
 .data          0x0000000000022010        0x0 C:\Marmalade\archives\android-ndk-r9d-windows-x86-zip\sources\cxx-stl\gnu-libstdc++\4.4.3\libs\mips\libgnustl_static.a(new_opv.o)
 .data          0x0000000000022010        0x0 C:\Marmalade\archives\android-ndk-r9d-windows-x86-zip\sources\cxx-stl\gnu-libstdc++\4.4.3\libs\mips\libgnustl_static.a(eh_alloc.o)
 .data          0x0000000000022010        0x0 C:\Marmalade\archives\android-ndk-r9d-windows-x86-zip\sources\cxx-stl\gnu-libstdc++\4.4.3\libs\mips\libgnustl_static.a(eh_exception.o)
 .data          0x0000000000022010        0x0 C:\Marmalade\archives\android-ndk-r9d-windows-x86-zip\sources\cxx-stl\gnu-libstdc++\4.4.3\libs\mips\libgnustl_static.a(eh_globals.o)
 .data          0x0000000000022010        0x0 C:\Marmalade\archives\android-ndk-r9d-windows-x86-zip\sources\cxx-stl\gnu-libstdc++\4.4.3\libs\mips\libgnustl_static.a(eh_personality.o)
 .data          0x0000000000022010        0x0 C:\Marmalade\archives\android-ndk-r9d-windows-x86-zip\sources\cxx-stl\gnu-libstdc++\4.4.3\libs\mips\libgnustl_static.a(eh_terminate.o)
 .data          0x0000000000022010        0x0 C:\Marmalade\archives\android-ndk-r9d-windows-x86-zip\sources\cxx-stl\gnu-libstdc++\4.4.3\libs\mips\libgnustl_static.a(eh_throw.o)
 .data          0x0000000000022010        0x0 C:\Marmalade\archives\android-ndk-r9d-windows-x86-zip\sources\cxx-stl\gnu-libstdc++\4.4.3\libs\mips\libgnustl_static.a(eh_unex_handler.o)
 .data.rel._ZN10__cxxabiv120__unexpected_handlerE
                0x0000000000022010        0x4 C:\Marmalade\archives\android-ndk-r9d-windows-x86-zip\sources\cxx-stl\gnu-libstdc++\4.4.3\libs\mips\libgnustl_static.a(eh_unex_handler.o)
                0x0000000000022010                __cxxabiv1::__unexpected_handler
 *fill*         0x0000000000022014        0xc 00
 .data          0x0000000000022020        0x0 C:\Marmalade\archives\android-ndk-r9d-windows-x86-zip\sources\cxx-stl\gnu-libstdc++\4.4.3\libs\mips\libgnustl_static.a(new_handler.o)
 .data          0x0000000000022020        0x0 C:\Marmalade\archives\android-ndk-r9d-windows-x86-zip\sources\cxx-stl\gnu-libstdc++\4.4.3\libs\mips\libgnustl_static.a(pure.o)
 .data          0x0000000000022020        0x0 C:\Marmalade\archives\android-ndk-r9d-windows-x86-zip\sources\cxx-stl\gnu-libstdc++\4.4.3\libs\mips\libgnustl_static.a(si_class_type_info.o)
 .data          0x0000000000022020        0x0 C:\Marmalade\archives\android-ndk-r9d-windows-x86-zip\sources\cxx-stl\gnu-libstdc++\4.4.3\libs\mips\libgnustl_static.a(tinfo.o)
 .data          0x0000000000022020        0x0 C:\Marmalade\archives\android-ndk-r9d-windows-x86-zip\sources\cxx-stl\gnu-libstdc++\4.4.3\libs\mips\libgnustl_static.a(class_type_info.o)
 .data          0x0000000000022020        0x0 C:\Marmalade\archives\android-ndk-r9d-windows-x86-zip\sources\cxx-stl\gnu-libstdc++\4.4.3\libs\mips\libgnustl_static.a(eh_call.o)
 .data          0x0000000000022020        0x0 C:\Marmalade\archives\android-ndk-r9d-windows-x86-zip\sources\cxx-stl\gnu-libstdc++\4.4.3\libs\mips\libgnustl_static.a(eh_catch.o)
 .data          0x0000000000022020        0x0 C:\Marmalade\archives\android-ndk-r9d-windows-x86-zip\sources\cxx-stl\gnu-libstdc++\4.4.3\libs\mips\libgnustl_static.a(eh_term_handler.o)
 .data.rel._ZN10__cxxabiv119__terminate_handlerE
                0x0000000000022020        0x4 C:\Marmalade\archives\android-ndk-r9d-windows-x86-zip\sources\cxx-stl\gnu-libstdc++\4.4.3\libs\mips\libgnustl_static.a(eh_term_handler.o)
                0x0000000000022020                __cxxabiv1::__terminate_handler
 *fill*         0x0000000000022024        0xc 00
 .data          0x0000000000022030        0x0 C:\Marmalade\archives\android-ndk-r9d-windows-x86-zip\sources\cxx-stl\gnu-libstdc++\4.4.3\libs\mips\libgnustl_static.a(vterminate.o)
 .data          0x0000000000022030        0x0 C:\Marmalade\archives\android-ndk-r9d-windows-x86-zip\sources\cxx-stl\gnu-libstdc++\4.4.3\libs\mips\libgnustl_static.a(cp-demangle.o)
 .data          0x0000000000022030        0x0 C:\Marmalade\archives\android-ndk-r9d-windows-x86-zip\sources\cxx-stl\gnu-libstdc++\4.4.3\libs\mips\libgnustl_static.a(eh_type.o)
 .data          0x0000000000022030        0x0 c:/Marmalade/archives/android-ndk-r9d-windows-x86-zip/toolchains/mipsel-linux-android-4.4.3/prebuilt/windows/bin/../lib/gcc/mipsel-linux-android/4.4.3\libgcc.a(_moddi3.o)
 .data          0x0000000000022030        0x0 c:/Marmalade/archives/android-ndk-r9d-windows-x86-zip/toolchains/mipsel-linux-android-4.4.3/prebuilt/windows/bin/../lib/gcc/mipsel-linux-android/4.4.3\libgcc.a(unwind-dw2.o)
 .data          0x0000000000022030       0x10 c:/Marmalade/archives/android-ndk-r9d-windows-x86-zip/toolchains/mipsel-linux-android-4.4.3/prebuilt/windows/bin/../lib/gcc/mipsel-linux-android/4.4.3\libgcc.a(unwind-dw2-fde-glibc.o)
 .data          0x0000000000022040        0x0 c:/Marmalade/archives/android-ndk-r9d-windows-x86-zip/platforms/android-9/arch-mips/usr/lib/crtend_so.o

.data1
 *(.data1)
                0x0000000000022040                . = .
                0x000000000002a030                _gp = (ALIGN (0x10) + 0x7ff0)

.got            0x0000000000022040      0x2f4
 *(.got)
 .got           0x0000000000022040      0x2f4 c:/Marmalade/archives/android-ndk-r9d-windows-x86-zip/platforms/android-9/arch-mips/usr/lib/crtbegin_so.o
                0x0000000000022040                _GLOBAL_OFFSET_TABLE_

.sdata
 *(.sdata2 .sdata2.* .gnu.linkonce.s2.*)
 *(.sdata .sdata.* .gnu.linkonce.s.*)

.lit8
 *(.lit8)

.lit4
 *(.lit4)
                0x0000000000022334                _edata = .
                0x0000000000022334                PROVIDE (edata, .)
                0x0000000000022334                __bss_start = .
                0x0000000000022334                _fbss = .

.sbss
 *(.sbss2 .sbss2.* .gnu.linkonce.sb2.*)
 *(.dynsbss)
 *(.sbss .sbss.* .gnu.linkonce.sb.*)
 *(.scommon)

.bss            0x0000000000022340     0x6450
 *(.dynbss)
 .dynbss        0x0000000000000000        0x0 c:/Marmalade/archives/android-ndk-r9d-windows-x86-zip/platforms/android-9/arch-mips/usr/lib/crtbegin_so.o
 *(.bss .bss.* .gnu.linkonce.b.*)
 .bss           0x0000000000022340        0x0 c:/Marmalade/archives/android-ndk-r9d-windows-x86-zip/platforms/android-9/arch-mips/usr/lib/crtbegin_so.o
 .bss           0x0000000000022340       0x20 debug\s3eAndroidGooglePlayBilling_platform.os
 .bss           0x0000000000022360        0x0 debug\s3eAndroidGooglePlayBilling.os
 .bss           0x0000000000022360        0x0 debug\s3eAndroidGooglePlayBilling_register.os
 .bss           0x0000000000022360     0x1a30 D:\JenkinsWS\workspace\ReleaseWin32FullBinaries\sdk\s3e\edk\lib\android\mips\libedk.a(IwDebug.o)
                0x0000000000022360                g_DebugGlobals
 .bss           0x0000000000023d90        0x0 D:\JenkinsWS\workspace\ReleaseWin32FullBinaries\sdk\s3e\edk\lib\android\mips\libedk.a(edk_helpers.o)
 .bss           0x0000000000023d90        0x0 C:\Marmalade\archives\android-ndk-r9d-windows-x86-zip\sources\cxx-stl\gnu-libstdc++\4.4.3\libs\mips\libgnustl_static.a(del_op.o)
 .bss           0x0000000000023d90        0x0 C:\Marmalade\archives\android-ndk-r9d-windows-x86-zip\sources\cxx-stl\gnu-libstdc++\4.4.3\libs\mips\libgnustl_static.a(del_opv.o)
 .bss           0x0000000000023d90        0x0 C:\Marmalade\archives\android-ndk-r9d-windows-x86-zip\sources\cxx-stl\gnu-libstdc++\4.4.3\libs\mips\libgnustl_static.a(new_op.o)
 .bss           0x0000000000023d90        0x0 C:\Marmalade\archives\android-ndk-r9d-windows-x86-zip\sources\cxx-stl\gnu-libstdc++\4.4.3\libs\mips\libgnustl_static.a(new_opv.o)
 .bss           0x0000000000023d90        0x0 C:\Marmalade\archives\android-ndk-r9d-windows-x86-zip\sources\cxx-stl\gnu-libstdc++\4.4.3\libs\mips\libgnustl_static.a(eh_alloc.o)
 .bss._ZN12_GLOBAL__N_115emergency_mutexE
                0x0000000000023d90        0x4 C:\Marmalade\archives\android-ndk-r9d-windows-x86-zip\sources\cxx-stl\gnu-libstdc++\4.4.3\libs\mips\libgnustl_static.a(eh_alloc.o)
 *fill*         0x0000000000023d94        0x4 00
 .bss._ZL17dependents_buffer
                0x0000000000023d98      0x800 C:\Marmalade\archives\android-ndk-r9d-windows-x86-zip\sources\cxx-stl\gnu-libstdc++\4.4.3\libs\mips\libgnustl_static.a(eh_alloc.o)
 .bss._ZL15dependents_used
                0x0000000000024598        0x4 C:\Marmalade\archives\android-ndk-r9d-windows-x86-zip\sources\cxx-stl\gnu-libstdc++\4.4.3\libs\mips\libgnustl_static.a(eh_alloc.o)
 *fill*         0x000000000002459c        0x4 00
 .bss._ZL16emergency_buffer
                0x00000000000245a0     0x4000 C:\Marmalade\archives\android-ndk-r9d-windows-x86-zip\sources\cxx-stl\gnu-libstdc++\4.4.3\libs\mips\libgnustl_static.a(eh_alloc.o)
 .bss._ZL14emergency_used
                0x00000000000285a0        0x4 C:\Marmalade\archives\android-ndk-r9d-windows-x86-zip\sources\cxx-stl\gnu-libstdc++\4.4.3\libs\mips\libgnustl_static.a(eh_alloc.o)
 *fill*         0x00000000000285a4        0xc 00
 .bss           0x00000000000285b0        0x0 C:\Marmalade\archives\android-ndk-r9d-windows-x86-zip\sources\cxx-stl\gnu-libstdc++\4.4.3\libs\mips\libgnustl_static.a(eh_exception.o)
 .bss           0x00000000000285b0        0x0 C:\Marmalade\archives\android-ndk-r9d-windows-x86-zip\sources\cxx-stl\gnu-libstdc++\4.4.3\libs\mips\libgnustl_static.a(eh_globals.o)
 .bss._ZL4init  0x00000000000285b0        0x8 C:\Marmalade\archives\android-ndk-r9d-windows-x86-zip\sources\cxx-stl\gnu-libstdc++\4.4.3\libs\mips\libgnustl_static.a(eh_globals.o)
 .bss._ZL10eh_globals
                0x00000000000285b8        0x8 C:\Marmalade\archives\android-ndk-r9d-windows-x86-zip\sources\cxx-stl\gnu-libstdc++\4.4.3\libs\mips\libgnustl_static.a(eh_globals.o)
 .bss           0x00000000000285c0        0x0 C:\Marmalade\archives\android-ndk-r9d-windows-x86-zip\sources\cxx-stl\gnu-libstdc++\4.4.3\libs\mips\libgnustl_static.a(eh_personality.o)
 .bss           0x00000000000285c0        0x0 C:\Marmalade\archives\android-ndk-r9d-windows-x86-zip\sources\cxx-stl\gnu-libstdc++\4.4.3\libs\mips\libgnustl_static.a(eh_terminate.o)
 .bss           0x00000000000285c0        0x0 C:\Marmalade\archives\android-ndk-r9d-windows-x86-zip\sources\cxx-stl\gnu-libstdc++\4.4.3\libs\mips\libgnustl_static.a(eh_throw.o)
 .bss           0x00000000000285c0        0x0 C:\Marmalade\archives\android-ndk-r9d-windows-x86-zip\sources\cxx-stl\gnu-libstdc++\4.4.3\libs\mips\libgnustl_static.a(eh_unex_handler.o)
 .bss           0x00000000000285c0        0x0 C:\Marmalade\archives\android-ndk-r9d-windows-x86-zip\sources\cxx-stl\gnu-libstdc++\4.4.3\libs\mips\libgnustl_static.a(new_handler.o)
 .bss.__new_handler
                0x00000000000285c0        0x4 C:\Marmalade\archives\android-ndk-r9d-windows-x86-zip\sources\cxx-stl\gnu-libstdc++\4.4.3\libs\mips\libgnustl_static.a(new_handler.o)
                0x00000000000285c0                __new_handler
 *fill*         0x00000000000285c4        0xc 00
 .bss           0x00000000000285d0        0x0 C:\Marmalade\archives\android-ndk-r9d-windows-x86-zip\sources\cxx-stl\gnu-libstdc++\4.4.3\libs\mips\libgnustl_static.a(pure.o)
 .bss           0x00000000000285d0        0x0 C:\Marmalade\archives\android-ndk-r9d-windows-x86-zip\sources\cxx-stl\gnu-libstdc++\4.4.3\libs\mips\libgnustl_static.a(si_class_type_info.o)
 .bss           0x00000000000285d0        0x0 C:\Marmalade\archives\android-ndk-r9d-windows-x86-zip\sources\cxx-stl\gnu-libstdc++\4.4.3\libs\mips\libgnustl_static.a(tinfo.o)
 .bss           0x00000000000285d0        0x0 C:\Marmalade\archives\android-ndk-r9d-windows-x86-zip\sources\cxx-stl\gnu-libstdc++\4.4.3\libs\mips\libgnustl_static.a(class_type_info.o)
 .bss           0x00000000000285d0        0x0 C:\Marmalade\archives\android-ndk-r9d-windows-x86-zip\sources\cxx-stl\gnu-libstdc++\4.4.3\libs\mips\libgnustl_static.a(eh_call.o)
 .bss           0x00000000000285d0        0x0 C:\Marmalade\archives\android-ndk-r9d-windows-x86-zip\sources\cxx-stl\gnu-libstdc++\4.4.3\libs\mips\libgnustl_static.a(eh_catch.o)
 .bss           0x00000000000285d0        0x0 C:\Marmalade\archives\android-ndk-r9d-windows-x86-zip\sources\cxx-stl\gnu-libstdc++\4.4.3\libs\mips\libgnustl_static.a(eh_term_handler.o)
 .bss           0x00000000000285d0        0x0 C:\Marmalade\archives\android-ndk-r9d-windows-x86-zip\sources\cxx-stl\gnu-libstdc++\4.4.3\libs\mips\libgnustl_static.a(vterminate.o)
 .bss._ZZN9__gnu_cxx27__verbose_terminate_handlerEvE11terminating
                0x00000000000285d0        0x1 C:\Marmalade\archives\android-ndk-r9d-windows-x86-zip\sources\cxx-stl\gnu-libstdc++\4.4.3\libs\mips\libgnustl_static.a(vterminate.o)
 *fill*         0x00000000000285d1        0xf 00
 .bss           0x00000000000285e0        0x0 C:\Marmalade\archives\android-ndk-r9d-windows-x86-zip\sources\cxx-stl\gnu-libstdc++\4.4.3\libs\mips\libgnustl_static.a(cp-demangle.o)
 .bss           0x00000000000285e0        0x0 C:\Marmalade\archives\android-ndk-r9d-windows-x86-zip\sources\cxx-stl\gnu-libstdc++\4.4.3\libs\mips\libgnustl_static.a(eh_type.o)
 .bss           0x00000000000285e0        0x0 c:/Marmalade/archives/android-ndk-r9d-windows-x86-zip/toolchains/mipsel-linux-android-4.4.3/prebuilt/windows/bin/../lib/gcc/mipsel-linux-android/4.4.3\libgcc.a(_moddi3.o)